Archive member included to satisfy reference by file (symbol)

/opt/st/stm32cubeide_1.13.2/plugins/com.st.stm32cube.ide.mcu.externaltools.gnu-tools-for-stm32.11.3.rel1.linux64_1.1.1.202309131626/tools/bin/../lib/gcc/arm-none-eabi/11.3.1/../../../../arm-none-eabi/lib/thumb/v7-m/nofp/libc_nano.a(libc_a-exit.o)
                              /opt/st/stm32cubeide_1.13.2/plugins/com.st.stm32cube.ide.mcu.externaltools.gnu-tools-for-stm32.11.3.rel1.linux64_1.1.1.202309131626/tools/bin/../lib/gcc/arm-none-eabi/11.3.1/../../../../arm-none-eabi/lib/thumb/v7-m/nofp/crt0.o (exit)
/opt/st/stm32cubeide_1.13.2/plugins/com.st.stm32cube.ide.mcu.externaltools.gnu-tools-for-stm32.11.3.rel1.linux64_1.1.1.202309131626/tools/bin/../lib/gcc/arm-none-eabi/11.3.1/../../../../arm-none-eabi/lib/thumb/v7-m/nofp/libc_nano.a(libc_a-findfp.o)
                              /opt/st/stm32cubeide_1.13.2/plugins/com.st.stm32cube.ide.mcu.externaltools.gnu-tools-for-stm32.11.3.rel1.linux64_1.1.1.202309131626/tools/bin/../lib/gcc/arm-none-eabi/11.3.1/../../../../arm-none-eabi/lib/thumb/v7-m/nofp/libc_nano.a(libc_a-exit.o) (__stdio_exit_handler)
/opt/st/stm32cubeide_1.13.2/plugins/com.st.stm32cube.ide.mcu.externaltools.gnu-tools-for-stm32.11.3.rel1.linux64_1.1.1.202309131626/tools/bin/../lib/gcc/arm-none-eabi/11.3.1/../../../../arm-none-eabi/lib/thumb/v7-m/nofp/libc_nano.a(libc_a-fwalk.o)
                              /opt/st/stm32cubeide_1.13.2/plugins/com.st.stm32cube.ide.mcu.externaltools.gnu-tools-for-stm32.11.3.rel1.linux64_1.1.1.202309131626/tools/bin/../lib/gcc/arm-none-eabi/11.3.1/../../../../arm-none-eabi/lib/thumb/v7-m/nofp/libc_nano.a(libc_a-findfp.o) (_fwalk_sglue)
/opt/st/stm32cubeide_1.13.2/plugins/com.st.stm32cube.ide.mcu.externaltools.gnu-tools-for-stm32.11.3.rel1.linux64_1.1.1.202309131626/tools/bin/../lib/gcc/arm-none-eabi/11.3.1/../../../../arm-none-eabi/lib/thumb/v7-m/nofp/libc_nano.a(libc_a-stdio.o)
                              /opt/st/stm32cubeide_1.13.2/plugins/com.st.stm32cube.ide.mcu.externaltools.gnu-tools-for-stm32.11.3.rel1.linux64_1.1.1.202309131626/tools/bin/../lib/gcc/arm-none-eabi/11.3.1/../../../../arm-none-eabi/lib/thumb/v7-m/nofp/libc_nano.a(libc_a-findfp.o) (__sread)
/opt/st/stm32cubeide_1.13.2/plugins/com.st.stm32cube.ide.mcu.externaltools.gnu-tools-for-stm32.11.3.rel1.linux64_1.1.1.202309131626/tools/bin/../lib/gcc/arm-none-eabi/11.3.1/../../../../arm-none-eabi/lib/thumb/v7-m/nofp/libc_nano.a(libc_a-memset.o)
                              /opt/st/stm32cubeide_1.13.2/plugins/com.st.stm32cube.ide.mcu.externaltools.gnu-tools-for-stm32.11.3.rel1.linux64_1.1.1.202309131626/tools/bin/../lib/gcc/arm-none-eabi/11.3.1/../../../../arm-none-eabi/lib/thumb/v7-m/nofp/crt0.o (memset)
/opt/st/stm32cubeide_1.13.2/plugins/com.st.stm32cube.ide.mcu.externaltools.gnu-tools-for-stm32.11.3.rel1.linux64_1.1.1.202309131626/tools/bin/../lib/gcc/arm-none-eabi/11.3.1/../../../../arm-none-eabi/lib/thumb/v7-m/nofp/libc_nano.a(libc_a-closer.o)
                              /opt/st/stm32cubeide_1.13.2/plugins/com.st.stm32cube.ide.mcu.externaltools.gnu-tools-for-stm32.11.3.rel1.linux64_1.1.1.202309131626/tools/bin/../lib/gcc/arm-none-eabi/11.3.1/../../../../arm-none-eabi/lib/thumb/v7-m/nofp/libc_nano.a(libc_a-stdio.o) (_close_r)
/opt/st/stm32cubeide_1.13.2/plugins/com.st.stm32cube.ide.mcu.externaltools.gnu-tools-for-stm32.11.3.rel1.linux64_1.1.1.202309131626/tools/bin/../lib/gcc/arm-none-eabi/11.3.1/../../../../arm-none-eabi/lib/thumb/v7-m/nofp/libc_nano.a(libc_a-reent.o)
                              /opt/st/stm32cubeide_1.13.2/plugins/com.st.stm32cube.ide.mcu.externaltools.gnu-tools-for-stm32.11.3.rel1.linux64_1.1.1.202309131626/tools/bin/../lib/gcc/arm-none-eabi/11.3.1/../../../../arm-none-eabi/lib/thumb/v7-m/nofp/libc_nano.a(libc_a-closer.o) (errno)
/opt/st/stm32cubeide_1.13.2/plugins/com.st.stm32cube.ide.mcu.externaltools.gnu-tools-for-stm32.11.3.rel1.linux64_1.1.1.202309131626/tools/bin/../lib/gcc/arm-none-eabi/11.3.1/../../../../arm-none-eabi/lib/thumb/v7-m/nofp/libc_nano.a(libc_a-impure.o)
                              /opt/st/stm32cubeide_1.13.2/plugins/com.st.stm32cube.ide.mcu.externaltools.gnu-tools-for-stm32.11.3.rel1.linux64_1.1.1.202309131626/tools/bin/../lib/gcc/arm-none-eabi/11.3.1/../../../../arm-none-eabi/lib/thumb/v7-m/nofp/libc_nano.a(libc_a-reent.o) (_impure_ptr)
/opt/st/stm32cubeide_1.13.2/plugins/com.st.stm32cube.ide.mcu.externaltools.gnu-tools-for-stm32.11.3.rel1.linux64_1.1.1.202309131626/tools/bin/../lib/gcc/arm-none-eabi/11.3.1/../../../../arm-none-eabi/lib/thumb/v7-m/nofp/libc_nano.a(libc_a-lseekr.o)
                              /opt/st/stm32cubeide_1.13.2/plugins/com.st.stm32cube.ide.mcu.externaltools.gnu-tools-for-stm32.11.3.rel1.linux64_1.1.1.202309131626/tools/bin/../lib/gcc/arm-none-eabi/11.3.1/../../../../arm-none-eabi/lib/thumb/v7-m/nofp/libc_nano.a(libc_a-stdio.o) (_lseek_r)
[...]
Memory Configuration

Name             Origin             Length             Attributes
RAM              0x0000000020000000 0x0000000000005000 xrw
FLASH            0x0000000008000000 0x0000000000010000 xr
*default*        0x0000000000000000 0xffffffffffffffff

Linker script and memory map

LOAD /opt/st/stm32cubeide_1.13.2/plugins/com.st.stm32cube.ide.mcu.externaltools.gnu-tools-for-stm32.11.3.rel1.linux64_1.1.1.202309131626/tools/bin/../lib/gcc/arm-none-eabi/11.3.1/thumb/v7-m/nofp/crti.o
LOAD /opt/st/stm32cubeide_1.13.2/plugins/com.st.stm32cube.ide.mcu.externaltools.gnu-tools-for-stm32.11.3.rel1.linux64_1.1.1.202309131626/tools/bin/../lib/gcc/arm-none-eabi/11.3.1/thumb/v7-m/nofp/crtbegin.o
LOAD /opt/st/stm32cubeide_1.13.2/plugins/com.st.stm32cube.ide.mcu.externaltools.gnu-tools-for-stm32.11.3.rel1.linux64_1.1.1.202309131626/tools/bin/../lib/gcc/arm-none-eabi/11.3.1/../../../../arm-none-eabi/lib/thumb/v7-m/nofp/crt0.o
LOAD ./Core/Src/ds18b20.o
LOAD ./Core/Src/main.o
LOAD ./Core/Src/modbus.o
LOAD ./Core/Src/onewire.o
LOAD ./Core/Src/stm32f1xx_hal_msp.o
LOAD ./Core/Src/stm32f1xx_it.o
LOAD ./Core/Src/sx1262.o
LOAD ./Core/Src/syscalls.o
LOAD ./Core/Src/sysmem.o
LOAD ./Core/Src/system_stm32f1xx.o
LOAD ./Core/Startup/startup_stm32f103c8tx.o
LOAD ./Drivers/STM32F1xx_HAL_Driver/Src/stm32f1xx_hal.o
LOAD ./Drivers/STM32F1xx_HAL_Driver/Src/stm32f1xx_hal_cortex.o
LOAD ./Drivers/STM32F1xx_HAL_Driver/Src/stm32f1xx_hal_dma.o
LOAD ./Drivers/STM32F1xx_HAL_Driver/Src/stm32f1xx_hal_exti.o
LOAD ./Drivers/STM32F1xx_HAL_Driver/Src/stm32f1xx_hal_flash.o
LOAD ./Drivers/STM32F1xx_HAL_Driver/Src/stm32f1xx_hal_flash_ex.o
LOAD ./Drivers/STM32F1xx_HAL_Driver/Src/stm32f1xx_hal_gpio.o
LOAD ./Drivers/STM32F1xx_HAL_Driver/Src/stm32f1xx_hal_gpio_ex.o
LOAD ./Drivers/STM32F1xx_HAL_Driver/Src/stm32f1xx_hal_pwr.o
LOAD ./Drivers/STM32F1xx_HAL_Driver/Src/stm32f1xx_hal_rcc.o
LOAD ./Drivers/STM32F1xx_HAL_Driver/Src/stm32f1xx_hal_rcc_ex.o
LOAD ./Drivers/STM32F1xx_HAL_Driver/Src/stm32f1xx_hal_spi.o
LOAD ./Drivers/STM32F1xx_HAL_Driver/Src/stm32f1xx_hal_tim.o
LOAD ./Drivers/STM32F1xx_HAL_Driver/Src/stm32f1xx_hal_tim_ex.o
LOAD ./Drivers/STM32F1xx_HAL_Driver/Src/stm32f1xx_hal_uart.o
START GROUP
LOAD /opt/st/stm32cubeide_1.13.2/plugins/com.st.stm32cube.ide.mcu.externaltools.gnu-tools-for-stm32.11.3.rel1.linux64_1.1.1.202309131626/tools/bin/../lib/gcc/arm-none-eabi/11.3.1/../../../../arm-none-eabi/lib/thumb/v7-m/nofp/libc_nano.a
LOAD /opt/st/stm32cubeide_1.13.2/plugins/com.st.stm32cube.ide.mcu.externaltools.gnu-tools-for-stm32.11.3.rel1.linux64_1.1.1.202309131626/tools/bin/../lib/gcc/arm-none-eabi/11.3.1/../../../../arm-none-eabi/lib/thumb/v7-m/nofp/libm.a
END GROUP
START GROUP
LOAD /opt/st/stm32cubeide_1.13.2/plugins/com.st.stm32cube.ide.mcu.externaltools.gnu-tools-for-stm32.11.3.rel1.linux64_1.1.1.202309131626/tools/bin/../lib/gcc/arm-none-eabi/11.3.1/thumb/v7-m/nofp/libgcc.a
LOAD /opt/st/stm32cubeide_1.13.2/plugins/com.st.stm32cube.ide.mcu.externaltools.gnu-tools-for-stm32.11.3.rel1.linux64_1.1.1.202309131626/tools/bin/../lib/gcc/arm-none-eabi/11.3.1/../../../../arm-none-eabi/lib/thumb/v7-m/nofp/libc_nano.a
END GROUP
START GROUP
LOAD /opt/st/stm32cubeide_1.13.2/plugins/com.st.stm32cube.ide.mcu.externaltools.gnu-tools-for-stm32.11.3.rel1.linux64_1.1.1.202309131626/tools/bin/../lib/gcc/arm-none-eabi/11.3.1/thumb/v7-m/nofp/libgcc.a
LOAD /opt/st/stm32cubeide_1.13.2/plugins/com.st.stm32cube.ide.mcu.externaltools.gnu-tools-for-stm32.11.3.rel1.linux64_1.1.1.202309131626/tools/bin/../lib/gcc/arm-none-eabi/11.3.1/../../../../arm-none-eabi/lib/thumb/v7-m/nofp/libc_nano.a
LOAD /opt/st/stm32cubeide_1.13.2/plugins/com.st.stm32cube.ide.mcu.externaltools.gnu-tools-for-stm32.11.3.rel1.linux64_1.1.1.202309131626/tools/bin/../lib/gcc/arm-none-eabi/11.3.1/../../../../arm-none-eabi/lib/thumb/v7-m/nofp/libnosys.a
END GROUP
START GROUP
LOAD /opt/st/stm32cubeide_1.13.2/plugins/com.st.stm32cube.ide.mcu.externaltools.gnu-tools-for-stm32.11.3.rel1.linux64_1.1.1.202309131626/tools/bin/../lib/gcc/arm-none-eabi/11.3.1/thumb/v7-m/nofp/libgcc.a
LOAD /opt/st/stm32cubeide_1.13.2/plugins/com.st.stm32cube.ide.mcu.externaltools.gnu-tools-for-stm32.11.3.rel1.linux64_1.1.1.202309131626/tools/bin/../lib/gcc/arm-none-eabi/11.3.1/../../../../arm-none-eabi/lib/thumb/v7-m/nofp/libc_nano.a
LOAD /opt/st/stm32cubeide_1.13.2/plugins/com.st.stm32cube.ide.mcu.externaltools.gnu-tools-for-stm32.11.3.rel1.linux64_1.1.1.202309131626/tools/bin/../lib/gcc/arm-none-eabi/11.3.1/../../../../arm-none-eabi/lib/thumb/v7-m/nofp/libnosys.a
END GROUP
LOAD /opt/st/stm32cubeide_1.13.2/plugins/com.st.stm32cube.ide.mcu.externaltools.gnu-tools-for-stm32.11.3.rel1.linux64_1.1.1.202309131626/tools/bin/../lib/gcc/arm-none-eabi/11.3.1/thumb/v7-m/nofp/crtend.o
LOAD /opt/st/stm32cubeide_1.13.2/plugins/com.st.stm32cube.ide.mcu.externaltools.gnu-tools-for-stm32.11.3.rel1.linux64_1.1.1.202309131626/tools/bin/../lib/gcc/arm-none-eabi/11.3.1/thumb/v7-m/nofp/crtn.o
                0x0000000020005000                _estack = (ORIGIN (RAM) + LENGTH (RAM))
                0x0000000000000200                _Min_Heap_Size = 0x200
                0x0000000000000400                _Min_Stack_Size = 0x400

.isr_vector     0x0000000008000000      0x10c
                0x0000000008000000                . = ALIGN (0x4)
 *(.isr_vector)
 .isr_vector    0x0000000008000000      0x10c ./Core/Startup/startup_stm32f103c8tx.o
                0x0000000008000000                g_pfnVectors
                0x000000000800010c                . = ALIGN (0x4)

.text           0x0000000008000110     0x58e8
                0x0000000008000110                . = ALIGN (0x4)
 *(.text)
 .text          0x0000000008000110       0x40 /opt/st/stm32cubeide_1.13.2/plugins/com.st.stm32cube.ide.mcu.externaltools.gnu-tools-for-stm32.11.3.rel1.linux64_1.1.1.202309131626/tools/bin/../lib/gcc/arm-none-eabi/11.3.1/thumb/v7-m/nofp/crtbegin.o
 .text          0x0000000008000150      0x168 /opt/st/stm32cubeide_1.13.2/plugins/com.st.stm32cube.ide.mcu.externaltools.gnu-tools-for-stm32.11.3.rel1.linux64_1.1.1.202309131626/tools/bin/../lib/gcc/arm-none-eabi/11.3.1/thumb/v7-m/nofp/libgcc.a(_arm_mulsf3.o)
                0x0000000008000150                __mulsf3
                0x0000000008000150                __aeabi_fmul
 .text          0x00000000080002b8      0x378 /opt/st/stm32cubeide_1.13.2/plugins/com.st.stm32cube.ide.mcu.externaltools.gnu-tools-for-stm32.11.3.rel1.linux64_1.1.1.202309131626/tools/bin/../lib/gcc/arm-none-eabi/11.3.1/thumb/v7-m/nofp/libgcc.a(_arm_addsubdf3.o)
                0x00000000080002b8                __aeabi_drsub
                0x00000000080002c0                __aeabi_dsub
                0x00000000080002c0                __subdf3
                0x00000000080002c4                __adddf3
                0x00000000080002c4                __aeabi_dadd
                0x000000000800053c                __aeabi_ui2d
                0x000000000800053c                __floatunsidf
                0x000000000800055c                __floatsidf
                0x000000000800055c                __aeabi_i2d
                0x0000000008000580                __extendsfdf2
                0x0000000008000580                __aeabi_f2d
                0x00000000080005c4                __aeabi_ul2d
                0x00000000080005c4                __floatundidf
                0x00000000080005d4                __floatdidf
                0x00000000080005d4                __aeabi_l2d
 .text          0x0000000008000630      0x424 /opt/st/stm32cubeide_1.13.2/plugins/com.st.stm32cube.ide.mcu.externaltools.gnu-tools-for-stm32.11.3.rel1.linux64_1.1.1.202309131626/tools/bin/../lib/gcc/arm-none-eabi/11.3.1/thumb/v7-m/nofp/libgcc.a(_arm_muldivdf3.o)
                0x0000000008000630                __aeabi_dmul
                0x0000000008000630                __muldf3
                0x0000000008000884                __aeabi_ddiv
                0x0000000008000884                __divdf3
 .text          0x0000000008000a54       0x40 /opt/st/stm32cubeide_1.13.2/plugins/com.st.stm32cube.ide.mcu.externaltools.gnu-tools-for-stm32.11.3.rel1.linux64_1.1.1.202309131626/tools/bin/../lib/gcc/arm-none-eabi/11.3.1/thumb/v7-m/nofp/libgcc.a(_arm_fixunsdfsi.o)
                0x0000000008000a54                __fixunsdfsi
                0x0000000008000a54                __aeabi_d2uiz
 .text          0x0000000008000a94      0x21c /opt/st/stm32cubeide_1.13.2/plugins/com.st.stm32cube.ide.mcu.externaltools.gnu-tools-for-stm32.11.3.rel1.linux64_1.1.1.202309131626/tools/bin/../lib/gcc/arm-none-eabi/11.3.1/thumb/v7-m/nofp/libgcc.a(_arm_addsubsf3.o)
                0x0000000008000a94                __aeabi_frsub
                0x0000000008000a9c                __subsf3
                0x0000000008000a9c                __aeabi_fsub
                0x0000000008000aa0                __aeabi_fadd
                0x0000000008000aa0                __addsf3
                0x0000000008000c00                __aeabi_ui2f
                0x0000000008000c00                __floatunsisf
                0x0000000008000c08                __aeabi_i2f
                0x0000000008000c08                __floatsisf
                0x0000000008000c24                __floatundisf
                0x0000000008000c24                __aeabi_ul2f
                0x0000000008000c34                __floatdisf
                0x0000000008000c34                __aeabi_l2f
 .text          0x0000000008000cb0       0xec /opt/st/stm32cubeide_1.13.2/plugins/com.st.stm32cube.ide.mcu.externaltools.gnu-tools-for-stm32.11.3.rel1.linux64_1.1.1.202309131626/tools/bin/../lib/gcc/arm-none-eabi/11.3.1/thumb/v7-m/nofp/libgcc.a(_arm_cmpsf2.o)
                0x0000000008000cb0                __gtsf2
                0x0000000008000cb0                __gesf2
                0x0000000008000cb8                __lesf2
                0x0000000008000cb8                __ltsf2
                0x0000000008000cc0                __nesf2
                0x0000000008000cc0                __eqsf2
                0x0000000008000cc0                __cmpsf2
                0x0000000008000d20                __aeabi_cfrcmple
                0x0000000008000d28                __aeabi_cfcmple
                0x0000000008000d28                __aeabi_cfcmpeq
                0x0000000008000d38                __aeabi_fcmpeq
                0x0000000008000d4c                __aeabi_fcmplt
                0x0000000008000d60                __aeabi_fcmple
                0x0000000008000d74                __aeabi_fcmpge
                0x0000000008000d88                __aeabi_fcmpgt
 .text          0x0000000008000d9c       0x4c /opt/st/stm32cubeide_1.13.2/plugins/com.st.stm32cube.ide.mcu.externaltools.gnu-tools-for-stm32.11.3.rel1.linux64_1.1.1.202309131626/tools/bin/../lib/gcc/arm-none-eabi/11.3.1/thumb/v7-m/nofp/libgcc.a(_arm_fixsfsi.o)
                0x0000000008000d9c                __fixsfsi
                0x0000000008000d9c                __aeabi_f2iz
 *(.text*)
 .text.CalculateChecksum
                0x0000000008000de8       0x6e ./Core/Src/ds18b20.o
 .text.ExecuteCommand
                0x0000000008000e56       0xaa ./Core/Src/ds18b20.o
 .text.WaitForConversionFinished
                0x0000000008000f00       0x3a ./Core/Src/ds18b20.o
 *fill*         0x0000000008000f3a        0x2 
 .text.DS18B20_ConvertT
                0x0000000008000f3c       0x88 ./Core/Src/ds18b20.o
                0x0000000008000f3c                DS18B20_ConvertT
 .text.DS18B20_ReadScratchpad
                0x0000000008000fc4       0xf4 ./Core/Src/ds18b20.o
                0x0000000008000fc4                DS18B20_ReadScratchpad
 .text.DS18B20_WriteScratchpad
                0x00000000080010b8       0x4c ./Core/Src/ds18b20.o
                0x00000000080010b8                DS18B20_WriteScratchpad
 .text.DS18B20_InitializationCommand
                0x0000000008001104       0x42 ./Core/Src/ds18b20.o
                0x0000000008001104                DS18B20_InitializationCommand
 *fill*         0x0000000008001146        0x2 
 .text.DS18B20_ReadRom
                0x0000000008001148       0x5c ./Core/Src/ds18b20.o
                0x0000000008001148                DS18B20_ReadRom
 .text.DS18B20_SkipRom
                0x00000000080011a4       0x34 ./Core/Src/ds18b20.o
                0x00000000080011a4                DS18B20_SkipRom
 .text.DS18B20_Init
                0x00000000080011d8       0x26 ./Core/Src/ds18b20.o
                0x00000000080011d8                DS18B20_Init
 .text.config_temperature_sensor
                0x00000000080011fe       0x4a ./Core/Src/main.o
                0x00000000080011fe                config_temperature_sensor
 .text.start_temperature_measure
                0x0000000008001248       0x24 ./Core/Src/main.o
                0x0000000008001248                start_temperature_measure
 .text.stop_temperature_measure
                0x000000000800126c       0x22 ./Core/Src/main.o
                0x000000000800126c                stop_temperature_measure
 *fill*         0x000000000800128e        0x2 
 .text.check_leak_sensor
                0x0000000008001290       0x44 ./Core/Src/main.o
                0x0000000008001290                check_leak_sensor
 .text.HAL_TIM_PeriodElapsedCallback
                0x00000000080012d4      0x134 ./Core/Src/main.o
                0x00000000080012d4                HAL_TIM_PeriodElapsedCallback
 .text.main     0x0000000008001408       0xf4 ./Core/Src/main.o
                0x0000000008001408                main
 .text.SystemClock_Config
                0x00000000080014fc       0x76 ./Core/Src/main.o
                0x00000000080014fc                SystemClock_Config
 *fill*         0x0000000008001572        0x2 
 .text.MX_SPI1_Init
                0x0000000008001574       0x6c ./Core/Src/main.o
 .text.MX_TIM2_Init
                0x00000000080015e0       0x9c ./Core/Src/main.o
 .text.MX_TIM3_Init
                0x000000000800167c       0xb4 ./Core/Src/main.o
 .text.MX_TIM4_Init
                0x0000000008001730      0x104 ./Core/Src/main.o
 .text.MX_USART1_UART_Init
                0x0000000008001834       0x54 ./Core/Src/main.o
 .text.MX_USART2_UART_Init
                0x0000000008001888       0x54 ./Core/Src/main.o
 .text.MX_GPIO_Init
                0x00000000080018dc       0xc4 ./Core/Src/main.o
 .text.Error_Handler
                0x00000000080019a0        0xa ./Core/Src/main.o
                0x00000000080019a0                Error_Handler
 *fill*         0x00000000080019aa        0x2 
 .text.calculate_crc16
                0x00000000080019ac       0x68 ./Core/Src/modbus.o
                0x00000000080019ac                calculate_crc16
 .text.modbus_exception
                0x0000000008001a14       0x30 ./Core/Src/modbus.o
                0x0000000008001a14                modbus_exception
 .text.read_1bit_registers
                0x0000000008001a44       0xdc ./Core/Src/modbus.o
                0x0000000008001a44                read_1bit_registers
 .text.read_16bit_registers
                0x0000000008001b20       0xd0 ./Core/Src/modbus.o
                0x0000000008001b20                read_16bit_registers
 .text.modbus_transaction
                0x0000000008001bf0      0x150 ./Core/Src/modbus.o
                0x0000000008001bf0                modbus_transaction
 .text.SetBaudrate
                0x0000000008001d40       0xd4 ./Core/Src/onewire.o
 .text.OneWire_ProcessBit
                0x0000000008001e14       0x44 ./Core/Src/onewire.o
                0x0000000008001e14                OneWire_ProcessBit
 .text.OneWire_ProcessByte
                0x0000000008001e58       0x6c ./Core/Src/onewire.o
                0x0000000008001e58                OneWire_ProcessByte
 .text.OneWire_Reset
                0x0000000008001ec4       0x5a ./Core/Src/onewire.o
                0x0000000008001ec4                OneWire_Reset
 *fill*         0x0000000008001f1e        0x2 
 .text.HAL_MspInit
                0x0000000008001f20       0x64 ./Core/Src/stm32f1xx_hal_msp.o
                0x0000000008001f20                HAL_MspInit
 .text.HAL_SPI_MspInit
                0x0000000008001f84       0x94 ./Core/Src/stm32f1xx_hal_msp.o
                0x0000000008001f84                HAL_SPI_MspInit
 .text.HAL_TIM_Base_MspInit
                0x0000000008002018       0x70 ./Core/Src/stm32f1xx_hal_msp.o
                0x0000000008002018                HAL_TIM_Base_MspInit
 .text.HAL_TIM_PWM_MspInit
                0x0000000008002088       0x3c ./Core/Src/stm32f1xx_hal_msp.o
                0x0000000008002088                HAL_TIM_PWM_MspInit
 .text.HAL_TIM_MspPostInit
                0x00000000080020c4       0xcc ./Core/Src/stm32f1xx_hal_msp.o
                0x00000000080020c4                HAL_TIM_MspPostInit
 .text.HAL_UART_MspInit
                0x0000000008002190       0xd8 ./Core/Src/stm32f1xx_hal_msp.o
                0x0000000008002190                HAL_UART_MspInit
 .text.NMI_Handler
                0x0000000008002268        0x6 ./Core/Src/stm32f1xx_it.o
                0x0000000008002268                NMI_Handler
 .text.HardFault_Handler
                0x000000000800226e        0x6 ./Core/Src/stm32f1xx_it.o
                0x000000000800226e                HardFault_Handler
 .text.MemManage_Handler
                0x0000000008002274        0x6 ./Core/Src/stm32f1xx_it.o
                0x0000000008002274                MemManage_Handler
 .text.BusFault_Handler
                0x000000000800227a        0x6 ./Core/Src/stm32f1xx_it.o
                0x000000000800227a                BusFault_Handler
 .text.UsageFault_Handler
                0x0000000008002280        0x6 ./Core/Src/stm32f1xx_it.o
                0x0000000008002280                UsageFault_Handler
 .text.SVC_Handler
                0x0000000008002286        0xc ./Core/Src/stm32f1xx_it.o
                0x0000000008002286                SVC_Handler
 .text.DebugMon_Handler
                0x0000000008002292        0xc ./Core/Src/stm32f1xx_it.o
                0x0000000008002292                DebugMon_Handler
 .text.PendSV_Handler
                0x000000000800229e        0xc ./Core/Src/stm32f1xx_it.o
                0x000000000800229e                PendSV_Handler
 .text.SysTick_Handler
                0x00000000080022aa        0xc ./Core/Src/stm32f1xx_it.o
                0x00000000080022aa                SysTick_Handler
 *fill*         0x00000000080022b6        0x2 
 .text.TIM2_IRQHandler
                0x00000000080022b8       0x14 ./Core/Src/stm32f1xx_it.o
                0x00000000080022b8                TIM2_IRQHandler
 .text.Lora_Reset
                0x00000000080022cc       0x2c ./Core/Src/sx1262.o
                0x00000000080022cc                Lora_Reset
 .text.Lora_SPIWrite
                0x00000000080022f8       0x44 ./Core/Src/sx1262.o
                0x00000000080022f8                Lora_SPIWrite
 .text.Lora_SPIRead
                0x000000000800233c       0x54 ./Core/Src/sx1262.o
                0x000000000800233c                Lora_SPIRead
 .text.Lora_WriteRegister
                0x0000000008002390       0x3c ./Core/Src/sx1262.o
                0x0000000008002390                Lora_WriteRegister
 .text.Lora_WriteBuffer
                0x00000000080023cc       0x68 ./Core/Src/sx1262.o
                0x00000000080023cc                Lora_WriteBuffer
 .text.Lora_ReadBuffer
                0x0000000008002434       0x68 ./Core/Src/sx1262.o
                0x0000000008002434                Lora_ReadBuffer
 .text.Lora_SetIrqParams
                0x000000000800249c       0x3c ./Core/Src/sx1262.o
                0x000000000800249c                Lora_SetIrqParams
 .text.Lora_ClearIrqStatus
                0x00000000080024d8       0x38 ./Core/Src/sx1262.o
                0x00000000080024d8                Lora_ClearIrqStatus
 .text.Lora_GetIrqStatus
                0x0000000008002510       0x38 ./Core/Src/sx1262.o
                0x0000000008002510                Lora_GetIrqStatus
 .text.Lora_SetStandby
                0x0000000008002548       0x30 ./Core/Src/sx1262.o
                0x0000000008002548                Lora_SetStandby
 .text.Lora_SetRegulatorMode
                0x0000000008002578       0x30 ./Core/Src/sx1262.o
                0x0000000008002578                Lora_SetRegulatorMode
 .text.Lora_SetRfSwitchMode
                0x00000000080025a8       0x30 ./Core/Src/sx1262.o
                0x00000000080025a8                Lora_SetRfSwitchMode
 .text.Lora_SetPacketType
                0x00000000080025d8       0x30 ./Core/Src/sx1262.o
                0x00000000080025d8                Lora_SetPacketType
 .text.Lora_SetSyncWord
                0x0000000008002608       0x28 ./Core/Src/sx1262.o
                0x0000000008002608                Lora_SetSyncWord
 .text.Lora_Calibrate
                0x0000000008002630       0x24 ./Core/Src/sx1262.o
                0x0000000008002630                Lora_Calibrate
 .text.Lora_CalibrateImage
                0x0000000008002654       0xa8 ./Core/Src/sx1262.o
                0x0000000008002654                Lora_CalibrateImage
 .text.Lora_SetRxBoosted
                0x00000000080026fc       0x48 ./Core/Src/sx1262.o
                0x00000000080026fc                Lora_SetRxBoosted
 .text.Lora_SetTx
                0x0000000008002744       0x3c ./Core/Src/sx1262.o
                0x0000000008002744                Lora_SetTx
 .text.Lora_SetTxParams
                0x0000000008002780       0x68 ./Core/Src/sx1262.o
                0x0000000008002780                Lora_SetTxParams
 .text.Lora_SetModulationParams
                0x00000000080027e8       0xe0 ./Core/Src/sx1262.o
                0x00000000080027e8                Lora_SetModulationParams
 .text.Lora_SetPacketParams
                0x00000000080028c8       0x60 ./Core/Src/sx1262.o
                0x00000000080028c8                Lora_SetPacketParams
 .text.Lora_SetBufferBaseAddresses
                0x0000000008002928       0x3c ./Core/Src/sx1262.o
                0x0000000008002928                Lora_SetBufferBaseAddresses
 .text.Lora_GetRxBufferStatus
                0x0000000008002964       0x20 ./Core/Src/sx1262.o
                0x0000000008002964                Lora_GetRxBufferStatus
 .text.Lora_GetPacketStatus
                0x0000000008002984       0x58 ./Core/Src/sx1262.o
                0x0000000008002984                Lora_GetPacketStatus
 *fill*         0x00000000080029dc        0x4 
 .text.Lora_SetFrequency
                0x00000000080029e0       0x74 ./Core/Src/sx1262.o
                0x00000000080029e0                Lora_SetFrequency
 .text.Lora_Init
                0x0000000008002a54       0x70 ./Core/Src/sx1262.o
                0x0000000008002a54                Lora_Init
 .text.Lora_Rx  0x0000000008002ac4       0x9c ./Core/Src/sx1262.o
                0x0000000008002ac4                Lora_Rx
 .text.Lora_Tx  0x0000000008002b60       0x80 ./Core/Src/sx1262.o
                0x0000000008002b60                Lora_Tx
 .text.SystemInit
                0x0000000008002be0        0xc ./Core/Src/system_stm32f1xx.o
                0x0000000008002be0                SystemInit
 .text.Reset_Handler
                0x0000000008002bec       0x48 ./Core/Startup/startup_stm32f103c8tx.o
                0x0000000008002bec                Reset_Handler
 .text.Default_Handler
                0x0000000008002c34        0x2 ./Core/Startup/startup_stm32f103c8tx.o
                0x0000000008002c34                RTC_Alarm_IRQHandler
                0x0000000008002c34                EXTI2_IRQHandler
                0x0000000008002c34                TIM1_CC_IRQHandler
                0x0000000008002c34                PVD_IRQHandler
                0x0000000008002c34                EXTI3_IRQHandler
                0x0000000008002c34                EXTI0_IRQHandler
                0x0000000008002c34                I2C2_EV_IRQHandler
                0x0000000008002c34                ADC1_2_IRQHandler
                0x0000000008002c34                SPI1_IRQHandler
                0x0000000008002c34                TAMPER_IRQHandler
                0x0000000008002c34                DMA1_Channel4_IRQHandler
                0x0000000008002c34                USART3_IRQHandler
                0x0000000008002c34                RTC_IRQHandler
                0x0000000008002c34                DMA1_Channel7_IRQHandler
                0x0000000008002c34                CAN1_RX1_IRQHandler
                0x0000000008002c34                TIM4_IRQHandler
                0x0000000008002c34                I2C1_EV_IRQHandler
                0x0000000008002c34                DMA1_Channel6_IRQHandler
                0x0000000008002c34                TIM3_IRQHandler
                0x0000000008002c34                RCC_IRQHandler
                0x0000000008002c34                TIM1_TRG_COM_IRQHandler
                0x0000000008002c34                DMA1_Channel1_IRQHandler
                0x0000000008002c34                Default_Handler
                0x0000000008002c34                EXTI15_10_IRQHandler
                0x0000000008002c34                EXTI9_5_IRQHandler
                0x0000000008002c34                SPI2_IRQHandler
                0x0000000008002c34                DMA1_Channel5_IRQHandler
                0x0000000008002c34                EXTI4_IRQHandler
                0x0000000008002c34                USB_LP_CAN1_RX0_IRQHandler
                0x0000000008002c34                USB_HP_CAN1_TX_IRQHandler
                0x0000000008002c34                DMA1_Channel3_IRQHandler
                0x0000000008002c34                TIM1_UP_IRQHandler
                0x0000000008002c34                WWDG_IRQHandler
                0x0000000008002c34                TIM1_BRK_IRQHandler
                0x0000000008002c34                EXTI1_IRQHandler
                0x0000000008002c34                USART2_IRQHandler
                0x0000000008002c34                I2C2_ER_IRQHandler
                0x0000000008002c34                DMA1_Channel2_IRQHandler
                0x0000000008002c34                CAN1_SCE_IRQHandler
                0x0000000008002c34                FLASH_IRQHandler
                0x0000000008002c34                USART1_IRQHandler
                0x0000000008002c34                I2C1_ER_IRQHandler
                0x0000000008002c34                USBWakeUp_IRQHandler
 *fill*         0x0000000008002c36        0x2 
 .text.HAL_Init
                0x0000000008002c38       0x2c ./Drivers/STM32F1xx_HAL_Driver/Src/stm32f1xx_hal.o
                0x0000000008002c38                HAL_Init
 .text.HAL_InitTick
                0x0000000008002c64       0x60 ./Drivers/STM32F1xx_HAL_Driver/Src/stm32f1xx_hal.o
                0x0000000008002c64                HAL_InitTick
 .text.HAL_IncTick
                0x0000000008002cc4       0x24 ./Drivers/STM32F1xx_HAL_Driver/Src/stm32f1xx_hal.o
                0x0000000008002cc4                HAL_IncTick
 .text.HAL_GetTick
                0x0000000008002ce8       0x14 ./Drivers/STM32F1xx_HAL_Driver/Src/stm32f1xx_hal.o
                0x0000000008002ce8                HAL_GetTick
 .text.HAL_Delay
                0x0000000008002cfc       0x48 ./Drivers/STM32F1xx_HAL_Driver/Src/stm32f1xx_hal.o
                0x0000000008002cfc                HAL_Delay
 .text.__NVIC_SetPriorityGrouping
                0x0000000008002d44       0x48 ./Drivers/STM32F1xx_HAL_Driver/Src/stm32f1xx_hal_cortex.o
 .text.__NVIC_GetPriorityGrouping
                0x0000000008002d8c       0x1c ./Drivers/STM32F1xx_HAL_Driver/Src/stm32f1xx_hal_cortex.o
 .text.__NVIC_EnableIRQ
                0x0000000008002da8       0x38 ./Drivers/STM32F1xx_HAL_Driver/Src/stm32f1xx_hal_cortex.o
 .text.__NVIC_SetPriority
                0x0000000008002de0       0x54 ./Drivers/STM32F1xx_HAL_Driver/Src/stm32f1xx_hal_cortex.o
 .text.NVIC_EncodePriority
                0x0000000008002e34       0x64 ./Drivers/STM32F1xx_HAL_Driver/Src/stm32f1xx_hal_cortex.o
 .text.SysTick_Config
                0x0000000008002e98       0x44 ./Drivers/STM32F1xx_HAL_Driver/Src/stm32f1xx_hal_cortex.o
 .text.HAL_NVIC_SetPriorityGrouping
                0x0000000008002edc       0x16 ./Drivers/STM32F1xx_HAL_Driver/Src/stm32f1xx_hal_cortex.o
                0x0000000008002edc                HAL_NVIC_SetPriorityGrouping
 .text.HAL_NVIC_SetPriority
                0x0000000008002ef2       0x38 ./Drivers/STM32F1xx_HAL_Driver/Src/stm32f1xx_hal_cortex.o
                0x0000000008002ef2                HAL_NVIC_SetPriority
 .text.HAL_NVIC_EnableIRQ
                0x0000000008002f2a       0x1c ./Drivers/STM32F1xx_HAL_Driver/Src/stm32f1xx_hal_cortex.o
                0x0000000008002f2a                HAL_NVIC_EnableIRQ
 .text.HAL_SYSTICK_Config
                0x0000000008002f46       0x18 ./Drivers/STM32F1xx_HAL_Driver/Src/stm32f1xx_hal_cortex.o
                0x0000000008002f46                HAL_SYSTICK_Config
 *fill*         0x0000000008002f5e        0x2 
 .text.HAL_GPIO_Init
                0x0000000008002f60      0x308 ./Drivers/STM32F1xx_HAL_Driver/Src/stm32f1xx_hal_gpio.o
                0x0000000008002f60                HAL_GPIO_Init
 .text.HAL_GPIO_ReadPin
                0x0000000008003268       0x2e ./Drivers/STM32F1xx_HAL_Driver/Src/stm32f1xx_hal_gpio.o
                0x0000000008003268                HAL_GPIO_ReadPin
 .text.HAL_GPIO_WritePin
                0x0000000008003296       0x30 ./Drivers/STM32F1xx_HAL_Driver/Src/stm32f1xx_hal_gpio.o
                0x0000000008003296                HAL_GPIO_WritePin
 *fill*         0x00000000080032c6        0x2 
 .text.HAL_RCC_OscConfig
                0x00000000080032c8      0x504 ./Drivers/STM32F1xx_HAL_Driver/Src/stm32f1xx_hal_rcc.o
                0x00000000080032c8                HAL_RCC_OscConfig
 .text.HAL_RCC_ClockConfig
                0x00000000080037cc      0x1d4 ./Drivers/STM32F1xx_HAL_Driver/Src/stm32f1xx_hal_rcc.o
                0x00000000080037cc                HAL_RCC_ClockConfig
 .text.HAL_RCC_GetSysClockFreq
                0x00000000080039a0       0xa8 ./Drivers/STM32F1xx_HAL_Driver/Src/stm32f1xx_hal_rcc.o
                0x00000000080039a0                HAL_RCC_GetSysClockFreq
 .text.HAL_RCC_GetHCLKFreq
                0x0000000008003a48       0x14 ./Drivers/STM32F1xx_HAL_Driver/Src/stm32f1xx_hal_rcc.o
                0x0000000008003a48                HAL_RCC_GetHCLKFreq
 .text.HAL_RCC_GetPCLK1Freq
                0x0000000008003a5c       0x28 ./Drivers/STM32F1xx_HAL_Driver/Src/stm32f1xx_hal_rcc.o
                0x0000000008003a5c                HAL_RCC_GetPCLK1Freq
 .text.HAL_RCC_GetPCLK2Freq
                0x0000000008003a84       0x28 ./Drivers/STM32F1xx_HAL_Driver/Src/stm32f1xx_hal_rcc.o
                0x0000000008003a84                HAL_RCC_GetPCLK2Freq
 .text.RCC_Delay
                0x0000000008003aac       0x3c ./Drivers/STM32F1xx_HAL_Driver/Src/stm32f1xx_hal_rcc.o
 .text.HAL_SPI_Init
                0x0000000008003ae8      0x108 ./Drivers/STM32F1xx_HAL_Driver/Src/stm32f1xx_hal_spi.o
                0x0000000008003ae8                HAL_SPI_Init
 .text.HAL_SPI_Transmit
                0x0000000008003bf0      0x286 ./Drivers/STM32F1xx_HAL_Driver/Src/stm32f1xx_hal_spi.o
                0x0000000008003bf0                HAL_SPI_Transmit
 .text.HAL_SPI_Receive
                0x0000000008003e76      0x230 ./Drivers/STM32F1xx_HAL_Driver/Src/stm32f1xx_hal_spi.o
                0x0000000008003e76                HAL_SPI_Receive
 .text.HAL_SPI_TransmitReceive
                0x00000000080040a6      0x360 ./Drivers/STM32F1xx_HAL_Driver/Src/stm32f1xx_hal_spi.o
                0x00000000080040a6                HAL_SPI_TransmitReceive
 *fill*         0x0000000008004406        0x2 
 .text.SPI_WaitFlagStateUntilTimeout
                0x0000000008004408      0x110 ./Drivers/STM32F1xx_HAL_Driver/Src/stm32f1xx_hal_spi.o
 .text.SPI_EndRxTransaction
                0x0000000008004518       0xa4 ./Drivers/STM32F1xx_HAL_Driver/Src/stm32f1xx_hal_spi.o
 .text.SPI_EndRxTxTransaction
                0x00000000080045bc       0x3c ./Drivers/STM32F1xx_HAL_Driver/Src/stm32f1xx_hal_spi.o
 .text.HAL_TIM_Base_Init
                0x00000000080045f8       0x9e ./Drivers/STM32F1xx_HAL_Driver/Src/stm32f1xx_hal_tim.o
                0x00000000080045f8                HAL_TIM_Base_Init
 *fill*         0x0000000008004696        0x2 
 .text.HAL_TIM_Base_Start_IT
                0x0000000008004698       0xa4 ./Drivers/STM32F1xx_HAL_Driver/Src/stm32f1xx_hal_tim.o
                0x0000000008004698                HAL_TIM_Base_Start_IT
 .text.HAL_TIM_PWM_Init
                0x000000000800473c       0x9e ./Drivers/STM32F1xx_HAL_Driver/Src/stm32f1xx_hal_tim.o
                0x000000000800473c                HAL_TIM_PWM_Init
 *fill*         0x00000000080047da        0x2 
 .text.HAL_TIM_PWM_Start
                0x00000000080047dc      0x144 ./Drivers/STM32F1xx_HAL_Driver/Src/stm32f1xx_hal_tim.o
                0x00000000080047dc                HAL_TIM_PWM_Start
 .text.HAL_TIM_IRQHandler
                0x0000000008004920      0x210 ./Drivers/STM32F1xx_HAL_Driver/Src/stm32f1xx_hal_tim.o
                0x0000000008004920                HAL_TIM_IRQHandler
 .text.HAL_TIM_PWM_ConfigChannel
                0x0000000008004b30      0x184 ./Drivers/STM32F1xx_HAL_Driver/Src/stm32f1xx_hal_tim.o
                0x0000000008004b30                HAL_TIM_PWM_ConfigChannel
 .text.HAL_TIM_ConfigClockSource
                0x0000000008004cb4      0x18e ./Drivers/STM32F1xx_HAL_Driver/Src/stm32f1xx_hal_tim.o
                0x0000000008004cb4                HAL_TIM_ConfigClockSource
 .text.HAL_TIM_OC_DelayElapsedCallback
                0x0000000008004e42       0x12 ./Drivers/STM32F1xx_HAL_Driver/Src/stm32f1xx_hal_tim.o
                0x0000000008004e42                HAL_TIM_OC_DelayElapsedCallback
 .text.HAL_TIM_IC_CaptureCallback
                0x0000000008004e54       0x12 ./Drivers/STM32F1xx_HAL_Driver/Src/stm32f1xx_hal_tim.o
                0x0000000008004e54                HAL_TIM_IC_CaptureCallback
 .text.HAL_TIM_PWM_PulseFinishedCallback
                0x0000000008004e66       0x12 ./Drivers/STM32F1xx_HAL_Driver/Src/stm32f1xx_hal_tim.o
                0x0000000008004e66                HAL_TIM_PWM_PulseFinishedCallback
 .text.HAL_TIM_TriggerCallback
                0x0000000008004e78       0x12 ./Drivers/STM32F1xx_HAL_Driver/Src/stm32f1xx_hal_tim.o
                0x0000000008004e78                HAL_TIM_TriggerCallback
 *fill*         0x0000000008004e8a        0x2 
 .text.TIM_Base_SetConfig
                0x0000000008004e8c       0xc4 ./Drivers/STM32F1xx_HAL_Driver/Src/stm32f1xx_hal_tim.o
                0x0000000008004e8c                TIM_Base_SetConfig
 .text.TIM_OC1_SetConfig
                0x0000000008004f50       0xcc ./Drivers/STM32F1xx_HAL_Driver/Src/stm32f1xx_hal_tim.o
 .text.TIM_OC2_SetConfig
                0x000000000800501c       0xd4 ./Drivers/STM32F1xx_HAL_Driver/Src/stm32f1xx_hal_tim.o
                0x000000000800501c                TIM_OC2_SetConfig
 .text.TIM_OC3_SetConfig
                0x00000000080050f0       0xd4 ./Drivers/STM32F1xx_HAL_Driver/Src/stm32f1xx_hal_tim.o
 .text.TIM_OC4_SetConfig
                0x00000000080051c4       0x9c ./Drivers/STM32F1xx_HAL_Driver/Src/stm32f1xx_hal_tim.o
 .text.TIM_TI1_ConfigInputStage
                0x0000000008005260       0x5c ./Drivers/STM32F1xx_HAL_Driver/Src/stm32f1xx_hal_tim.o
 .text.TIM_TI2_ConfigInputStage
                0x00000000080052bc       0x5e ./Drivers/STM32F1xx_HAL_Driver/Src/stm32f1xx_hal_tim.o
 .text.TIM_ITRx_SetConfig
                0x000000000800531a       0x34 ./Drivers/STM32F1xx_HAL_Driver/Src/stm32f1xx_hal_tim.o
 .text.TIM_ETR_SetConfig
                0x000000000800534e       0x3e ./Drivers/STM32F1xx_HAL_Driver/Src/stm32f1xx_hal_tim.o
                0x000000000800534e                TIM_ETR_SetConfig
 .text.TIM_CCxChannelCmd
                0x000000000800538c       0x48 ./Drivers/STM32F1xx_HAL_Driver/Src/stm32f1xx_hal_tim.o
                0x000000000800538c                TIM_CCxChannelCmd
 .text.HAL_TIMEx_MasterConfigSynchronization
                0x00000000080053d4       0xbc ./Drivers/STM32F1xx_HAL_Driver/Src/stm32f1xx_hal_tim_ex.o
                0x00000000080053d4                HAL_TIMEx_MasterConfigSynchronization
 .text.HAL_TIMEx_CommutCallback
                0x0000000008005490       0x12 ./Drivers/STM32F1xx_HAL_Driver/Src/stm32f1xx_hal_tim_ex.o
                0x0000000008005490                HAL_TIMEx_CommutCallback
 .text.HAL_TIMEx_BreakCallback
                0x00000000080054a2       0x12 ./Drivers/STM32F1xx_HAL_Driver/Src/stm32f1xx_hal_tim_ex.o
                0x00000000080054a2                HAL_TIMEx_BreakCallback
 .text.HAL_HalfDuplex_Init
                0x00000000080054b4       0xb0 ./Drivers/STM32F1xx_HAL_Driver/Src/stm32f1xx_hal_uart.o
                0x00000000080054b4                HAL_HalfDuplex_Init
 .text.HAL_UART_Transmit
                0x0000000008005564      0x106 ./Drivers/STM32F1xx_HAL_Driver/Src/stm32f1xx_hal_uart.o
                0x0000000008005564                HAL_UART_Transmit
 .text.HAL_UART_Receive
                0x000000000800566a      0x124 ./Drivers/STM32F1xx_HAL_Driver/Src/stm32f1xx_hal_uart.o
                0x000000000800566a                HAL_UART_Receive
 .text.UART_WaitOnFlagUntilTimeout
                0x000000000800578e       0xdc ./Drivers/STM32F1xx_HAL_Driver/Src/stm32f1xx_hal_uart.o
 *fill*         0x000000000800586a        0x2 
 .text.UART_SetConfig
                0x000000000800586c      0x11c ./Drivers/STM32F1xx_HAL_Driver/Src/stm32f1xx_hal_uart.o
 .text.memset   0x0000000008005988       0x10 /opt/st/stm32cubeide_1.13.2/plugins/com.st.stm32cube.ide.mcu.externaltools.gnu-tools-for-stm32.11.3.rel1.linux64_1.1.1.202309131626/tools/bin/../lib/gcc/arm-none-eabi/11.3.1/../../../../arm-none-eabi/lib/thumb/v7-m/nofp/libc_nano.a(libc_a-memset.o)
                0x0000000008005988                memset
 .text.__libc_init_array
                0x0000000008005998       0x48 /opt/st/stm32cubeide_1.13.2/plugins/com.st.stm32cube.ide.mcu.externaltools.gnu-tools-for-stm32.11.3.rel1.linux64_1.1.1.202309131626/tools/bin/../lib/gcc/arm-none-eabi/11.3.1/../../../../arm-none-eabi/lib/thumb/v7-m/nofp/libc_nano.a(libc_a-init.o)
                0x0000000008005998                __libc_init_array
 *(.glue_7)
 .glue_7        0x00000000080059e0        0x0 linker stubs
 *(.glue_7t)
 .glue_7t       0x00000000080059e0        0x0 linker stubs
 *(.eh_frame)
 .eh_frame      0x00000000080059e0        0x0 /opt/st/stm32cubeide_1.13.2/plugins/com.st.stm32cube.ide.mcu.externaltools.gnu-tools-for-stm32.11.3.rel1.linux64_1.1.1.202309131626/tools/bin/../lib/gcc/arm-none-eabi/11.3.1/thumb/v7-m/nofp/crtbegin.o
 *(.init)
 .init          0x00000000080059e0        0x4 /opt/st/stm32cubeide_1.13.2/plugins/com.st.stm32cube.ide.mcu.externaltools.gnu-tools-for-stm32.11.3.rel1.linux64_1.1.1.202309131626/tools/bin/../lib/gcc/arm-none-eabi/11.3.1/thumb/v7-m/nofp/crti.o
                0x00000000080059e0                _init
 .init          0x00000000080059e4        0x8 /opt/st/stm32cubeide_1.13.2/plugins/com.st.stm32cube.ide.mcu.externaltools.gnu-tools-for-stm32.11.3.rel1.linux64_1.1.1.202309131626/tools/bin/../lib/gcc/arm-none-eabi/11.3.1/thumb/v7-m/nofp/crtn.o
 *(.fini)
 .fini          0x00000000080059ec        0x4 /opt/st/stm32cubeide_1.13.2/plugins/com.st.stm32cube.ide.mcu.externaltools.gnu-tools-for-stm32.11.3.rel1.linux64_1.1.1.202309131626/tools/bin/../lib/gcc/arm-none-eabi/11.3.1/thumb/v7-m/nofp/crti.o
                0x00000000080059ec                _fini
 .fini          0x00000000080059f0        0x8 /opt/st/stm32cubeide_1.13.2/plugins/com.st.stm32cube.ide.mcu.externaltools.gnu-tools-for-stm32.11.3.rel1.linux64_1.1.1.202309131626/tools/bin/../lib/gcc/arm-none-eabi/11.3.1/thumb/v7-m/nofp/crtn.o
                0x00000000080059f8                . = ALIGN (0x4)
                0x00000000080059f8                _etext = .

.vfp11_veneer   0x00000000080059f8        0x0
 .vfp11_veneer  0x00000000080059f8        0x0 linker stubs

.v4_bx          0x00000000080059f8        0x0
 .v4_bx         0x00000000080059f8        0x0 linker stubs

.iplt           0x00000000080059f8        0x0
 .iplt          0x00000000080059f8        0x0 /opt/st/stm32cubeide_1.13.2/plugins/com.st.stm32cube.ide.mcu.externaltools.gnu-tools-for-stm32.11.3.rel1.linux64_1.1.1.202309131626/tools/bin/../lib/gcc/arm-none-eabi/11.3.1/thumb/v7-m/nofp/crtbegin.o

.rodata         0x00000000080059f8       0x2c
                0x00000000080059f8                . = ALIGN (0x4)
 *(.rodata)
 *(.rodata*)
 .rodata.AHBPrescTable
                0x00000000080059f8       0x10 ./Core/Src/system_stm32f1xx.o
                0x00000000080059f8                AHBPrescTable
 .rodata.APBPrescTable
                0x0000000008005a08        0x8 ./Core/Src/system_stm32f1xx.o
                0x0000000008005a08                APBPrescTable
 .rodata.aPLLMULFactorTable.1
                0x0000000008005a10       0x10 ./Drivers/STM32F1xx_HAL_Driver/Src/stm32f1xx_hal_rcc.o
 .rodata.aPredivFactorTable.0
                0x0000000008005a20        0x2 ./Drivers/STM32F1xx_HAL_Driver/Src/stm32f1xx_hal_rcc.o
                0x0000000008005a24                . = ALIGN (0x4)
 *fill*         0x0000000008005a22        0x2 

.rel.dyn        0x0000000008005a24        0x0
 .rel.iplt      0x0000000008005a24        0x0 /opt/st/stm32cubeide_1.13.2/plugins/com.st.stm32cube.ide.mcu.externaltools.gnu-tools-for-stm32.11.3.rel1.linux64_1.1.1.202309131626/tools/bin/../lib/gcc/arm-none-eabi/11.3.1/thumb/v7-m/nofp/crtbegin.o

.ARM.extab      0x0000000008005a24        0x0
                0x0000000008005a24                . = ALIGN (0x4)
 *(.ARM.extab* .gnu.linkonce.armextab.*)
                0x0000000008005a24                . = ALIGN (0x4)

.ARM            0x0000000008005a24        0x0
                0x0000000008005a24                . = ALIGN (0x4)
                0x0000000008005a24                __exidx_start = .
 *(.ARM.exidx*)
                0x0000000008005a24                __exidx_end = .
                0x0000000008005a24                . = ALIGN (0x4)

.preinit_array  0x0000000008005a24        0x0
                0x0000000008005a24                . = ALIGN (0x4)
                0x0000000008005a24                PROVIDE (__preinit_array_start = .)
 *(.preinit_array*)
                0x0000000008005a24                PROVIDE (__preinit_array_end = .)
                0x0000000008005a24                . = ALIGN (0x4)

.init_array     0x0000000008005a24        0x4
                0x0000000008005a24                . = ALIGN (0x4)
                0x0000000008005a24                PROVIDE (__init_array_start = .)
 *(SORT_BY_NAME(.init_array.*))
 *(.init_array*)
 .init_array    0x0000000008005a24        0x4 /opt/st/stm32cubeide_1.13.2/plugins/com.st.stm32cube.ide.mcu.externaltools.gnu-tools-for-stm32.11.3.rel1.linux64_1.1.1.202309131626/tools/bin/../lib/gcc/arm-none-eabi/11.3.1/thumb/v7-m/nofp/crtbegin.o
                0x0000000008005a28                PROVIDE (__init_array_end = .)
                0x0000000008005a28                . = ALIGN (0x4)

.fini_array     0x0000000008005a28        0x4
                0x0000000008005a28                . = ALIGN (0x4)
                [!provide]                        PROVIDE (__fini_array_start = .)
 *(SORT_BY_NAME(.fini_array.*))
 *(.fini_array*)
 .fini_array    0x0000000008005a28        0x4 /opt/st/stm32cubeide_1.13.2/plugins/com.st.stm32cube.ide.mcu.externaltools.gnu-tools-for-stm32.11.3.rel1.linux64_1.1.1.202309131626/tools/bin/../lib/gcc/arm-none-eabi/11.3.1/thumb/v7-m/nofp/crtbegin.o
                [!provide]                        PROVIDE (__fini_array_end = .)
                0x0000000008005a2c                . = ALIGN (0x4)
                0x0000000008005a2c                _sidata = LOADADDR (.data)

.data           0x0000000020000000      0x230 load address 0x0000000008005a2c
                0x0000000020000000                . = ALIGN (0x4)
                0x0000000020000000                _sdata = .
 *(.data)
 *(.data*)
 .data.readRom  0x0000000020000000        0x3 ./Core/Src/ds18b20.o
 *fill*         0x0000000020000003        0x1 
 .data.skipRom  0x0000000020000004        0x3 ./Core/Src/ds18b20.o
 *fill*         0x0000000020000007        0x1 
 .data.readScratchpad
                0x0000000020000008        0x3 ./Core/Src/ds18b20.o
 *fill*         0x000000002000000b        0x1 
 .data.writeScratchpad
                0x000000002000000c        0x3 ./Core/Src/ds18b20.o
 *fill*         0x000000002000000f        0x1 
 .data.convertT
                0x0000000020000010        0x3 ./Core/Src/ds18b20.o
 *fill*         0x0000000020000013        0x1 
 .data.srCRCHi  0x0000000020000014      0x100 ./Core/Src/modbus.o
 .data.srCRCLo  0x0000000020000114      0x100 ./Core/Src/modbus.o
 .data.LoraModulation
                0x0000000020000214        0x3 ./Core/Src/sx1262.o
                0x0000000020000214                LoraModulation
 *fill*         0x0000000020000217        0x1 
 .data.LoraPacket
                0x0000000020000218        0x6 ./Core/Src/sx1262.o
                0x0000000020000218                LoraPacket
 *fill*         0x000000002000021e        0x2 
 .data.frequency
                0x0000000020000220        0x4 ./Core/Src/sx1262.o
                0x0000000020000220                frequency
 .data.SystemCoreClock
                0x0000000020000224        0x4 ./Core/Src/system_stm32f1xx.o
                0x0000000020000224                SystemCoreClock
 .data.uwTickPrio
                0x0000000020000228        0x4 ./Drivers/STM32F1xx_HAL_Driver/Src/stm32f1xx_hal.o
                0x0000000020000228                uwTickPrio
 .data.uwTickFreq
                0x000000002000022c        0x1 ./Drivers/STM32F1xx_HAL_Driver/Src/stm32f1xx_hal.o
                0x000000002000022c                uwTickFreq
 *(.RamFunc)
 *(.RamFunc*)
                0x0000000020000230                . = ALIGN (0x4)
 *fill*         0x000000002000022d        0x3 
                0x0000000020000230                _edata = .

.igot.plt       0x0000000020000230        0x0 load address 0x0000000008005c5c
 .igot.plt      0x0000000020000230        0x0 /opt/st/stm32cubeide_1.13.2/plugins/com.st.stm32cube.ide.mcu.externaltools.gnu-tools-for-stm32.11.3.rel1.linux64_1.1.1.202309131626/tools/bin/../lib/gcc/arm-none-eabi/11.3.1/thumb/v7-m/nofp/crtbegin.o
                0x0000000020000230                . = ALIGN (0x4)

.bss            0x0000000020000230      0x434 load address 0x0000000008005c5c
                0x0000000020000230                _sbss = .
                0x0000000020000230                __bss_start__ = _sbss
 *(.bss)
 .bss           0x0000000020000230       0x1c /opt/st/stm32cubeide_1.13.2/plugins/com.st.stm32cube.ide.mcu.externaltools.gnu-tools-for-stm32.11.3.rel1.linux64_1.1.1.202309131626/tools/bin/../lib/gcc/arm-none-eabi/11.3.1/thumb/v7-m/nofp/crtbegin.o
 *(.bss*)
 .bss.hspi1     0x000000002000024c       0x58 ./Core/Src/main.o
                0x000000002000024c                hspi1
 .bss.htim2     0x00000000200002a4       0x48 ./Core/Src/main.o
                0x00000000200002a4                htim2
 .bss.htim3     0x00000000200002ec       0x48 ./Core/Src/main.o
                0x00000000200002ec                htim3
 .bss.htim4     0x0000000020000334       0x48 ./Core/Src/main.o
                0x0000000020000334                htim4
 .bss.huart1    0x000000002000037c       0x48 ./Core/Src/main.o
                0x000000002000037c                huart1
 .bss.huart2    0x00000000200003c4       0x48 ./Core/Src/main.o
                0x00000000200003c4                huart2
 .bss.temperatureSensor1
                0x000000002000040c       0x18 ./Core/Src/main.o
                0x000000002000040c                temperatureSensor1
 .bss.temperatureSensor2
                0x0000000020000424       0x18 ./Core/Src/main.o
                0x0000000020000424                temperatureSensor2
 .bss.modbus_request
                0x000000002000043c      0x100 ./Core/Src/modbus.o
                0x000000002000043c                modbus_request
 .bss.modbus_response
                0x000000002000053c      0x100 ./Core/Src/modbus.o
                0x000000002000053c                modbus_response
 .bss.modbus_input_registers
                0x000000002000063c        0x8 ./Core/Src/modbus.o
                0x000000002000063c                modbus_input_registers
 .bss.modbus_holding_registers
                0x0000000020000644        0x2 ./Core/Src/modbus.o
                0x0000000020000644                modbus_holding_registers
 *fill*         0x0000000020000646        0x2 
 .bss.modbus_coils
                0x0000000020000648        0x1 ./Core/Src/modbus.o
                0x0000000020000648                modbus_coils
 *fill*         0x0000000020000649        0x3 
 .bss.modbus_discrete_inputs
                0x000000002000064c        0x2 ./Core/Src/modbus.o
                0x000000002000064c                modbus_discrete_inputs
 *fill*         0x000000002000064e        0x2 
 .bss.spi_tx_buffer
                0x0000000020000650        0x8 ./Core/Src/sx1262.o
                0x0000000020000650                spi_tx_buffer
 .bss.spi_rx_buffer
                0x0000000020000658        0x8 ./Core/Src/sx1262.o
                0x0000000020000658                spi_rx_buffer
 .bss.uwTick    0x0000000020000660        0x4 ./Drivers/STM32F1xx_HAL_Driver/Src/stm32f1xx_hal.o
                0x0000000020000660                uwTick
 *(COMMON)
                0x0000000020000664                . = ALIGN (0x4)
                0x0000000020000664                _ebss = .
                0x0000000020000664                __bss_end__ = _ebss

._user_heap_stack
                0x0000000020000664      0x604 load address 0x0000000008005c5c
                0x0000000020000668                . = ALIGN (0x8)
 *fill*         0x0000000020000664        0x4 
                [!provide]                        PROVIDE (end = .)
                0x0000000020000668                PROVIDE (_end = .)
                0x0000000020000868                . = (. + _Min_Heap_Size)
 *fill*         0x0000000020000668      0x200 
                0x0000000020000c68                . = (. + _Min_Stack_Size)
 *fill*         0x0000000020000868      0x400 
                0x0000000020000c68                . = ALIGN (0x8)

/DISCARD/
 libc.a(*)
 libm.a(*)
 libgcc.a(*)

.ARM.attributes
                0x0000000000000000       0x29
 *(.ARM.attributes)
 .ARM.attributes
                0x0000000000000000       0x1d /opt/st/stm32cubeide_1.13.2/plugins/com.st.stm32cube.ide.mcu.externaltools.gnu-tools-for-stm32.11.3.rel1.linux64_1.1.1.202309131626/tools/bin/../lib/gcc/arm-none-eabi/11.3.1/thumb/v7-m/nofp/crti.o
 .ARM.attributes
                0x000000000000001d       0x2d /opt/st/stm32cubeide_1.13.2/plugins/com.st.stm32cube.ide.mcu.externaltools.gnu-tools-for-stm32.11.3.rel1.linux64_1.1.1.202309131626/tools/bin/../lib/gcc/arm-none-eabi/11.3.1/thumb/v7-m/nofp/crtbegin.o
 .ARM.attributes
                0x000000000000004a       0x2d ./Core/Src/ds18b20.o
 .ARM.attributes
                0x0000000000000077       0x2d ./Core/Src/main.o
 .ARM.attributes
                0x00000000000000a4       0x2d ./Core/Src/modbus.o
 .ARM.attributes
                0x00000000000000d1       0x2d ./Core/Src/onewire.o
 .ARM.attributes
                0x00000000000000fe       0x2d ./Core/Src/stm32f1xx_hal_msp.o
 .ARM.attributes
                0x000000000000012b       0x2d ./Core/Src/stm32f1xx_it.o
 .ARM.attributes
                0x0000000000000158       0x2d ./Core/Src/sx1262.o
 .ARM.attributes
                0x0000000000000185       0x2d ./Core/Src/system_stm32f1xx.o
 .ARM.attributes
                0x00000000000001b2       0x21 ./Core/Startup/startup_stm32f103c8tx.o
 .ARM.attributes
                0x00000000000001d3       0x2d ./Drivers/STM32F1xx_HAL_Driver/Src/stm32f1xx_hal.o
 .ARM.attributes
                0x0000000000000200       0x2d ./Drivers/STM32F1xx_HAL_Driver/Src/stm32f1xx_hal_cortex.o
 .ARM.attributes
                0x000000000000022d       0x2d ./Drivers/STM32F1xx_HAL_Driver/Src/stm32f1xx_hal_gpio.o
 .ARM.attributes
                0x000000000000025a       0x2d ./Drivers/STM32F1xx_HAL_Driver/Src/stm32f1xx_hal_rcc.o
 .ARM.attributes
                0x0000000000000287       0x2d ./Drivers/STM32F1xx_HAL_Driver/Src/stm32f1xx_hal_spi.o
 .ARM.attributes
                0x00000000000002b4       0x2d ./Drivers/STM32F1xx_HAL_Driver/Src/stm32f1xx_hal_tim.o
 .ARM.attributes
                0x00000000000002e1       0x2d ./Drivers/STM32F1xx_HAL_Driver/Src/stm32f1xx_hal_tim_ex.o
 .ARM.attributes
                0x000000000000030e       0x2d ./Drivers/STM32F1xx_HAL_Driver/Src/stm32f1xx_hal_uart.o
 .ARM.attributes
                0x000000000000033b       0x2d /opt/st/stm32cubeide_1.13.2/plugins/com.st.stm32cube.ide.mcu.externaltools.gnu-tools-for-stm32.11.3.rel1.linux64_1.1.1.202309131626/tools/bin/../lib/gcc/arm-none-eabi/11.3.1/../../../../arm-none-eabi/lib/thumb/v7-m/nofp/libc_nano.a(libc_a-memset.o)
 .ARM.attributes
                0x0000000000000368       0x2d /opt/st/stm32cubeide_1.13.2/plugins/com.st.stm32cube.ide.mcu.externaltools.gnu-tools-for-stm32.11.3.rel1.linux64_1.1.1.202309131626/tools/bin/../lib/gcc/arm-none-eabi/11.3.1/../../../../arm-none-eabi/lib/thumb/v7-m/nofp/libc_nano.a(libc_a-init.o)
 .ARM.attributes
                0x0000000000000395       0x1d /opt/st/stm32cubeide_1.13.2/plugins/com.st.stm32cube.ide.mcu.externaltools.gnu-tools-for-stm32.11.3.rel1.linux64_1.1.1.202309131626/tools/bin/../lib/gcc/arm-none-eabi/11.3.1/thumb/v7-m/nofp/libgcc.a(_arm_mulsf3.o)
 .ARM.attributes
                0x00000000000003b2       0x1d /opt/st/stm32cubeide_1.13.2/plugins/com.st.stm32cube.ide.mcu.externaltools.gnu-tools-for-stm32.11.3.rel1.linux64_1.1.1.202309131626/tools/bin/../lib/gcc/arm-none-eabi/11.3.1/thumb/v7-m/nofp/libgcc.a(_arm_addsubdf3.o)
 .ARM.attributes
                0x00000000000003cf       0x1d /opt/st/stm32cubeide_1.13.2/plugins/com.st.stm32cube.ide.mcu.externaltools.gnu-tools-for-stm32.11.3.rel1.linux64_1.1.1.202309131626/tools/bin/../lib/gcc/arm-none-eabi/11.3.1/thumb/v7-m/nofp/libgcc.a(_arm_muldivdf3.o)
 .ARM.attributes
                0x00000000000003ec       0x1d /opt/st/stm32cubeide_1.13.2/plugins/com.st.stm32cube.ide.mcu.externaltools.gnu-tools-for-stm32.11.3.rel1.linux64_1.1.1.202309131626/tools/bin/../lib/gcc/arm-none-eabi/11.3.1/thumb/v7-m/nofp/libgcc.a(_arm_fixunsdfsi.o)
 .ARM.attributes
                0x0000000000000409       0x1d /opt/st/stm32cubeide_1.13.2/plugins/com.st.stm32cube.ide.mcu.externaltools.gnu-tools-for-stm32.11.3.rel1.linux64_1.1.1.202309131626/tools/bin/../lib/gcc/arm-none-eabi/11.3.1/thumb/v7-m/nofp/libgcc.a(_arm_addsubsf3.o)
 .ARM.attributes
                0x0000000000000426       0x1d /opt/st/stm32cubeide_1.13.2/plugins/com.st.stm32cube.ide.mcu.externaltools.gnu-tools-for-stm32.11.3.rel1.linux64_1.1.1.202309131626/tools/bin/../lib/gcc/arm-none-eabi/11.3.1/thumb/v7-m/nofp/libgcc.a(_arm_cmpsf2.o)
 .ARM.attributes
                0x0000000000000443       0x1d /opt/st/stm32cubeide_1.13.2/plugins/com.st.stm32cube.ide.mcu.externaltools.gnu-tools-for-stm32.11.3.rel1.linux64_1.1.1.202309131626/tools/bin/../lib/gcc/arm-none-eabi/11.3.1/thumb/v7-m/nofp/libgcc.a(_arm_fixsfsi.o)
 .ARM.attributes
                0x0000000000000460       0x1d /opt/st/stm32cubeide_1.13.2/plugins/com.st.stm32cube.ide.mcu.externaltools.gnu-tools-for-stm32.11.3.rel1.linux64_1.1.1.202309131626/tools/bin/../lib/gcc/arm-none-eabi/11.3.1/thumb/v7-m/nofp/crtn.o
OUTPUT(pump_station.elf elf32-littlearm)
LOAD linker stubs
LOAD /opt/st/stm32cubeide_1.13.2/plugins/com.st.stm32cube.ide.mcu.externaltools.gnu-tools-for-stm32.11.3.rel1.linux64_1.1.1.202309131626/tools/bin/../lib/gcc/arm-none-eabi/11.3.1/../../../../arm-none-eabi/lib/thumb/v7-m/nofp/libc.a
LOAD /opt/st/stm32cubeide_1.13.2/plugins/com.st.stm32cube.ide.mcu.externaltools.gnu-tools-for-stm32.11.3.rel1.linux64_1.1.1.202309131626/tools/bin/../lib/gcc/arm-none-eabi/11.3.1/../../../../arm-none-eabi/lib/thumb/v7-m/nofp/libm.a
LOAD /opt/st/stm32cubeide_1.13.2/plugins/com.st.stm32cube.ide.mcu.externaltools.gnu-tools-for-stm32.11.3.rel1.linux64_1.1.1.202309131626/tools/bin/../lib/gcc/arm-none-eabi/11.3.1/thumb/v7-m/nofp/libgcc.a

.comment        0x0000000000000000       0x43
 .comment       0x0000000000000000       0x43 /opt/st/stm32cubeide_1.13.2/plugins/com.st.stm32cube.ide.mcu.externaltools.gnu-tools-for-stm32.11.3.rel1.linux64_1.1.1.202309131626/tools/bin/../lib/gcc/arm-none-eabi/11.3.1/thumb/v7-m/nofp/crtbegin.o
                                         0x44 (size before relaxing)
 .comment       0x0000000000000043       0x44 ./Core/Src/ds18b20.o
 .comment       0x0000000000000043       0x44 ./Core/Src/main.o
 .comment       0x0000000000000043       0x44 ./Core/Src/modbus.o
 .comment       0x0000000000000043       0x44 ./Core/Src/onewire.o
 .comment       0x0000000000000043       0x44 ./Core/Src/stm32f1xx_hal_msp.o
 .comment       0x0000000000000043       0x44 ./Core/Src/stm32f1xx_it.o
 .comment       0x0000000000000043       0x44 ./Core/Src/sx1262.o
 .comment       0x0000000000000043       0x44 ./Core/Src/system_stm32f1xx.o
 .comment       0x0000000000000043       0x44 ./Drivers/STM32F1xx_HAL_Driver/Src/stm32f1xx_hal.o
 .comment       0x0000000000000043       0x44 ./Drivers/STM32F1xx_HAL_Driver/Src/stm32f1xx_hal_cortex.o
 .comment       0x0000000000000043       0x44 ./Drivers/STM32F1xx_HAL_Driver/Src/stm32f1xx_hal_gpio.o
 .comment       0x0000000000000043       0x44 ./Drivers/STM32F1xx_HAL_Driver/Src/stm32f1xx_hal_rcc.o
 .comment       0x0000000000000043       0x44 ./Drivers/STM32F1xx_HAL_Driver/Src/stm32f1xx_hal_spi.o
 .comment       0x0000000000000043       0x44 ./Drivers/STM32F1xx_HAL_Driver/Src/stm32f1xx_hal_tim.o
 .comment       0x0000000000000043       0x44 ./Drivers/STM32F1xx_HAL_Driver/Src/stm32f1xx_hal_tim_ex.o
 .comment       0x0000000000000043       0x44 ./Drivers/STM32F1xx_HAL_Driver/Src/stm32f1xx_hal_uart.o

.debug_info     0x0000000000000000     0xf88a
 .debug_info    0x0000000000000000      0xaa3 ./Core/Src/ds18b20.o
 .debug_info    0x0000000000000aa3     0x1688 ./Core/Src/main.o
 .debug_info    0x000000000000212b      0x3c1 ./Core/Src/modbus.o
 .debug_info    0x00000000000024ec      0x746 ./Core/Src/onewire.o
 .debug_info    0x0000000000002c32     0x1161 ./Core/Src/stm32f1xx_hal_msp.o
 .debug_info    0x0000000000003d93      0x6a1 ./Core/Src/stm32f1xx_it.o
 .debug_info    0x0000000000004434     0x1085 ./Core/Src/sx1262.o
 .debug_info    0x00000000000054b9      0x222 ./Core/Src/system_stm32f1xx.o
 .debug_info    0x00000000000056db       0x23 ./Core/Startup/startup_stm32f103c8tx.o
 .debug_info    0x00000000000056fe      0x704 ./Drivers/STM32F1xx_HAL_Driver/Src/stm32f1xx_hal.o
 .debug_info    0x0000000000005e02      0xa87 ./Drivers/STM32F1xx_HAL_Driver/Src/stm32f1xx_hal_cortex.o
 .debug_info    0x0000000000006889      0x5ab ./Drivers/STM32F1xx_HAL_Driver/Src/stm32f1xx_hal_gpio.o
 .debug_info    0x0000000000006e34      0x7d5 ./Drivers/STM32F1xx_HAL_Driver/Src/stm32f1xx_hal_rcc.o
 .debug_info    0x0000000000007609     0x1503 ./Drivers/STM32F1xx_HAL_Driver/Src/stm32f1xx_hal_spi.o
 .debug_info    0x0000000000008b0c     0x293b ./Drivers/STM32F1xx_HAL_Driver/Src/stm32f1xx_hal_tim.o
 .debug_info    0x000000000000b447     0x149b ./Drivers/STM32F1xx_HAL_Driver/Src/stm32f1xx_hal_tim_ex.o
 .debug_info    0x000000000000c8e2     0x2fa8 ./Drivers/STM32F1xx_HAL_Driver/Src/stm32f1xx_hal_uart.o

.debug_abbrev   0x0000000000000000     0x2441
 .debug_abbrev  0x0000000000000000      0x26a ./Core/Src/ds18b20.o
 .debug_abbrev  0x000000000000026a      0x307 ./Core/Src/main.o
 .debug_abbrev  0x0000000000000571      0x13b ./Core/Src/modbus.o
 .debug_abbrev  0x00000000000006ac      0x1b9 ./Core/Src/onewire.o
 .debug_abbrev  0x0000000000000865      0x255 ./Core/Src/stm32f1xx_hal_msp.o
 .debug_abbrev  0x0000000000000aba      0x191 ./Core/Src/stm32f1xx_it.o
 .debug_abbrev  0x0000000000000c4b      0x2ba ./Core/Src/sx1262.o
 .debug_abbrev  0x0000000000000f05      0x13f ./Core/Src/system_stm32f1xx.o
 .debug_abbrev  0x0000000000001044       0x12 ./Core/Startup/startup_stm32f103c8tx.o
 .debug_abbrev  0x0000000000001056      0x201 ./Drivers/STM32F1xx_HAL_Driver/Src/stm32f1xx_hal.o
 .debug_abbrev  0x0000000000001257      0x2f8 ./Drivers/STM32F1xx_HAL_Driver/Src/stm32f1xx_hal_cortex.o
 .debug_abbrev  0x000000000000154f      0x1ca ./Drivers/STM32F1xx_HAL_Driver/Src/stm32f1xx_hal_gpio.o
 .debug_abbrev  0x0000000000001719      0x2b3 ./Drivers/STM32F1xx_HAL_Driver/Src/stm32f1xx_hal_rcc.o
 .debug_abbrev  0x00000000000019cc      0x284 ./Drivers/STM32F1xx_HAL_Driver/Src/stm32f1xx_hal_spi.o
 .debug_abbrev  0x0000000000001c50      0x277 ./Drivers/STM32F1xx_HAL_Driver/Src/stm32f1xx_hal_tim.o
 .debug_abbrev  0x0000000000001ec7      0x282 ./Drivers/STM32F1xx_HAL_Driver/Src/stm32f1xx_hal_tim_ex.o
 .debug_abbrev  0x0000000000002149      0x2f8 ./Drivers/STM32F1xx_HAL_Driver/Src/stm32f1xx_hal_uart.o

.debug_aranges  0x0000000000000000      0xf70
 .debug_aranges
                0x0000000000000000       0x68 ./Core/Src/ds18b20.o
 .debug_aranges
                0x0000000000000068       0x90 ./Core/Src/main.o
 .debug_aranges
                0x00000000000000f8       0x40 ./Core/Src/modbus.o
 .debug_aranges
                0x0000000000000138       0x38 ./Core/Src/onewire.o
 .debug_aranges
                0x0000000000000170       0x68 ./Core/Src/stm32f1xx_hal_msp.o
 .debug_aranges
                0x00000000000001d8       0x68 ./Core/Src/stm32f1xx_it.o
 .debug_aranges
                0x0000000000000240      0x108 ./Core/Src/sx1262.o
 .debug_aranges
                0x0000000000000348       0x28 ./Core/Src/system_stm32f1xx.o
 .debug_aranges
                0x0000000000000370       0x28 ./Core/Startup/startup_stm32f103c8tx.o
 .debug_aranges
                0x0000000000000398       0xe0 ./Drivers/STM32F1xx_HAL_Driver/Src/stm32f1xx_hal.o
 .debug_aranges
                0x0000000000000478      0x100 ./Drivers/STM32F1xx_HAL_Driver/Src/stm32f1xx_hal_cortex.o
 .debug_aranges
                0x0000000000000578       0x58 ./Drivers/STM32F1xx_HAL_Driver/Src/stm32f1xx_hal_gpio.o
 .debug_aranges
                0x00000000000005d0       0x90 ./Drivers/STM32F1xx_HAL_Driver/Src/stm32f1xx_hal_rcc.o
 .debug_aranges
                0x0000000000000660      0x1d0 ./Drivers/STM32F1xx_HAL_Driver/Src/stm32f1xx_hal_spi.o
 .debug_aranges
                0x0000000000000830      0x3d0 ./Drivers/STM32F1xx_HAL_Driver/Src/stm32f1xx_hal_tim.o
 .debug_aranges
                0x0000000000000c00      0x168 ./Drivers/STM32F1xx_HAL_Driver/Src/stm32f1xx_hal_tim_ex.o
 .debug_aranges
                0x0000000000000d68      0x208 ./Drivers/STM32F1xx_HAL_Driver/Src/stm32f1xx_hal_uart.o

.debug_rnglists
                0x0000000000000000      0xc18
 .debug_rnglists
                0x0000000000000000       0x4c ./Core/Src/ds18b20.o
 .debug_rnglists
                0x000000000000004c       0x6d ./Core/Src/main.o
 .debug_rnglists
                0x00000000000000b9       0x2e ./Core/Src/modbus.o
 .debug_rnglists
                0x00000000000000e7       0x26 ./Core/Src/onewire.o
 .debug_rnglists
                0x000000000000010d       0x4c ./Core/Src/stm32f1xx_hal_msp.o
 .debug_rnglists
                0x0000000000000159       0x49 ./Core/Src/stm32f1xx_it.o
 .debug_rnglists
                0x00000000000001a2       0xd1 ./Core/Src/sx1262.o
 .debug_rnglists
                0x0000000000000273       0x1a ./Core/Src/system_stm32f1xx.o
 .debug_rnglists
                0x000000000000028d       0x19 ./Core/Startup/startup_stm32f103c8tx.o
 .debug_rnglists
                0x00000000000002a6       0xa3 ./Drivers/STM32F1xx_HAL_Driver/Src/stm32f1xx_hal.o
 .debug_rnglists
                0x0000000000000349       0xbb ./Drivers/STM32F1xx_HAL_Driver/Src/stm32f1xx_hal_cortex.o
 .debug_rnglists
                0x0000000000000404       0x3f ./Drivers/STM32F1xx_HAL_Driver/Src/stm32f1xx_hal_gpio.o
 .debug_rnglists
                0x0000000000000443       0x6c ./Drivers/STM32F1xx_HAL_Driver/Src/stm32f1xx_hal_rcc.o
 .debug_rnglists
                0x00000000000004af      0x16e ./Drivers/STM32F1xx_HAL_Driver/Src/stm32f1xx_hal_spi.o
 .debug_rnglists
                0x000000000000061d      0x31a ./Drivers/STM32F1xx_HAL_Driver/Src/stm32f1xx_hal_tim.o
 .debug_rnglists
                0x0000000000000937      0x125 ./Drivers/STM32F1xx_HAL_Driver/Src/stm32f1xx_hal_tim_ex.o
 .debug_rnglists
                0x0000000000000a5c      0x1bc ./Drivers/STM32F1xx_HAL_Driver/Src/stm32f1xx_hal_uart.o

.debug_macro    0x0000000000000000    0x178a5
 .debug_macro   0x0000000000000000      0x1c5 ./Core/Src/ds18b20.o
 .debug_macro   0x00000000000001c5      0xa9c ./Core/Src/ds18b20.o
 .debug_macro   0x0000000000000c61      0x221 ./Core/Src/ds18b20.o
 .debug_macro   0x0000000000000e82       0x2e ./Core/Src/ds18b20.o
 .debug_macro   0x0000000000000eb0       0x22 ./Core/Src/ds18b20.o
 .debug_macro   0x0000000000000ed2       0x22 ./Core/Src/ds18b20.o
 .debug_macro   0x0000000000000ef4       0x8e ./Core/Src/ds18b20.o
 .debug_macro   0x0000000000000f82       0x51 ./Core/Src/ds18b20.o
 .debug_macro   0x0000000000000fd3      0x103 ./Core/Src/ds18b20.o
 .debug_macro   0x00000000000010d6       0x6a ./Core/Src/ds18b20.o
 .debug_macro   0x0000000000001140      0x1df ./Core/Src/ds18b20.o
 .debug_macro   0x000000000000131f       0x1c ./Core/Src/ds18b20.o
 .debug_macro   0x000000000000133b       0x22 ./Core/Src/ds18b20.o
 .debug_macro   0x000000000000135d       0xbd ./Core/Src/ds18b20.o
 .debug_macro   0x000000000000141a      0xd23 ./Core/Src/ds18b20.o
 .debug_macro   0x000000000000213d     0xe09e ./Core/Src/ds18b20.o
 .debug_macro   0x00000000000101db       0x6d ./Core/Src/ds18b20.o
 .debug_macro   0x0000000000010248     0x348d ./Core/Src/ds18b20.o
 .debug_macro   0x00000000000136d5      0x174 ./Core/Src/ds18b20.o
 .debug_macro   0x0000000000013849       0x5c ./Core/Src/ds18b20.o
 .debug_macro   0x00000000000138a5      0x5bc ./Core/Src/ds18b20.o
 .debug_macro   0x0000000000013e61      0x289 ./Core/Src/ds18b20.o
 .debug_macro   0x00000000000140ea      0x1cb ./Core/Src/ds18b20.o
 .debug_macro   0x00000000000142b5      0x114 ./Core/Src/ds18b20.o
 .debug_macro   0x00000000000143c9      0x1b2 ./Core/Src/ds18b20.o
 .debug_macro   0x000000000001457b       0x27 ./Core/Src/ds18b20.o
 .debug_macro   0x00000000000145a2      0x136 ./Core/Src/ds18b20.o
 .debug_macro   0x00000000000146d8      0x1bc ./Core/Src/ds18b20.o
 .debug_macro   0x0000000000014894       0x34 ./Core/Src/ds18b20.o
 .debug_macro   0x00000000000148c8       0x3c ./Core/Src/ds18b20.o
 .debug_macro   0x0000000000014904       0x57 ./Core/Src/ds18b20.o
 .debug_macro   0x000000000001495b       0x87 ./Core/Src/ds18b20.o
 .debug_macro   0x00000000000149e2      0x240 ./Core/Src/ds18b20.o
 .debug_macro   0x0000000000014c22      0x140 ./Core/Src/ds18b20.o
 .debug_macro   0x0000000000014d62      0x217 ./Core/Src/ds18b20.o
 .debug_macro   0x0000000000014f79      0x8ed ./Core/Src/ds18b20.o
 .debug_macro   0x0000000000015866      0x28e ./Core/Src/ds18b20.o
 .debug_macro   0x0000000000015af4       0x83 ./Core/Src/ds18b20.o
 .debug_macro   0x0000000000015b77       0x8e ./Core/Src/ds18b20.o
 .debug_macro   0x0000000000015c05       0x28 ./Core/Src/ds18b20.o
 .debug_macro   0x0000000000015c2d      0x1d7 ./Core/Src/main.o
 .debug_macro   0x0000000000015e04       0x40 ./Core/Src/main.o
 .debug_macro   0x0000000000015e44       0x94 ./Core/Src/main.o
 .debug_macro   0x0000000000015ed8       0x6a ./Core/Src/main.o
 .debug_macro   0x0000000000015f42       0xbe ./Core/Src/main.o
 .debug_macro   0x0000000000016000      0x1b6 ./Core/Src/modbus.o
 .debug_macro   0x00000000000161b6      0x1bc ./Core/Src/onewire.o
 .debug_macro   0x0000000000016372       0x22 ./Core/Src/onewire.o
 .debug_macro   0x0000000000016394      0x1bc ./Core/Src/stm32f1xx_hal_msp.o
 .debug_macro   0x0000000000016550      0x1c6 ./Core/Src/stm32f1xx_it.o
 .debug_macro   0x0000000000016716      0x1cf ./Core/Src/sx1262.o
 .debug_macro   0x00000000000168e5      0x1ad ./Core/Src/system_stm32f1xx.o
 .debug_macro   0x0000000000016a92      0x1d1 ./Drivers/STM32F1xx_HAL_Driver/Src/stm32f1xx_hal.o
 .debug_macro   0x0000000000016c63      0x1ad ./Drivers/STM32F1xx_HAL_Driver/Src/stm32f1xx_hal_cortex.o
 .debug_macro   0x0000000000016e10      0x218 ./Drivers/STM32F1xx_HAL_Driver/Src/stm32f1xx_hal_gpio.o
 .debug_macro   0x0000000000017028      0x1bf ./Drivers/STM32F1xx_HAL_Driver/Src/stm32f1xx_hal_rcc.o
 .debug_macro   0x00000000000171e7      0x1b5 ./Drivers/STM32F1xx_HAL_Driver/Src/stm32f1xx_hal_spi.o
 .debug_macro   0x000000000001739c      0x1ae ./Drivers/STM32F1xx_HAL_Driver/Src/stm32f1xx_hal_tim.o
 .debug_macro   0x000000000001754a      0x1ad ./Drivers/STM32F1xx_HAL_Driver/Src/stm32f1xx_hal_tim_ex.o
 .debug_macro   0x00000000000176f7      0x1ae ./Drivers/STM32F1xx_HAL_Driver/Src/stm32f1xx_hal_uart.o

.debug_line     0x0000000000000000    0x10016
 .debug_line    0x0000000000000000      0x926 ./Core/Src/ds18b20.o
 .debug_line    0x0000000000000926      0xa66 ./Core/Src/main.o
 .debug_line    0x000000000000138c      0x89e ./Core/Src/modbus.o
 .debug_line    0x0000000000001c2a      0x714 ./Core/Src/onewire.o
 .debug_line    0x000000000000233e      0x800 ./Core/Src/stm32f1xx_hal_msp.o
 .debug_line    0x0000000000002b3e      0x733 ./Core/Src/stm32f1xx_it.o
 .debug_line    0x0000000000003271      0xbab ./Core/Src/sx1262.o
 .debug_line    0x0000000000003e1c      0x6d7 ./Core/Src/system_stm32f1xx.o
 .debug_line    0x00000000000044f3       0x78 ./Core/Startup/startup_stm32f103c8tx.o
 .debug_line    0x000000000000456b      0x904 ./Drivers/STM32F1xx_HAL_Driver/Src/stm32f1xx_hal.o
 .debug_line    0x0000000000004e6f      0xaec ./Drivers/STM32F1xx_HAL_Driver/Src/stm32f1xx_hal_cortex.o
 .debug_line    0x000000000000595b      0x99d ./Drivers/STM32F1xx_HAL_Driver/Src/stm32f1xx_hal_gpio.o
 .debug_line    0x00000000000062f8      0xd0d ./Drivers/STM32F1xx_HAL_Driver/Src/stm32f1xx_hal_rcc.o
 .debug_line    0x0000000000007005     0x1b8c ./Drivers/STM32F1xx_HAL_Driver/Src/stm32f1xx_hal_spi.o
 .debug_line    0x0000000000008b91     0x33f0 ./Drivers/STM32F1xx_HAL_Driver/Src/stm32f1xx_hal_tim.o
 .debug_line    0x000000000000bf81     0x1863 ./Drivers/STM32F1xx_HAL_Driver/Src/stm32f1xx_hal_tim_ex.o
 .debug_line    0x000000000000d7e4     0x2832 ./Drivers/STM32F1xx_HAL_Driver/Src/stm32f1xx_hal_uart.o

.debug_str      0x0000000000000000    0x89a1e
 .debug_str     0x0000000000000000    0x8504c ./Core/Src/ds18b20.o
                                      0x853f3 (size before relaxing)
 .debug_str     0x000000000008504c     0x1036 ./Core/Src/main.o
                                      0x862b4 (size before relaxing)
 .debug_str     0x0000000000086082       0xf2 ./Core/Src/modbus.o
                                      0x84e00 (size before relaxing)
 .debug_str     0x0000000000086174       0xae ./Core/Src/onewire.o
                                      0x84f4c (size before relaxing)
 .debug_str     0x0000000000086222      0x3c8 ./Core/Src/stm32f1xx_hal_msp.o
                                      0x857ce (size before relaxing)
 .debug_str     0x00000000000865ea       0xec ./Core/Src/stm32f1xx_it.o
                                      0x8502a (size before relaxing)
 .debug_str     0x00000000000866d6      0xb19 ./Core/Src/sx1262.o
                                      0x85c47 (size before relaxing)
 .debug_str     0x00000000000871ef       0x7e ./Core/Src/system_stm32f1xx.o
                                      0x84a4e (size before relaxing)
 .debug_str     0x000000000008726d       0x34 ./Core/Startup/startup_stm32f103c8tx.o
                                         0x73 (size before relaxing)
 .debug_str     0x00000000000872a1      0x37a ./Drivers/STM32F1xx_HAL_Driver/Src/stm32f1xx_hal.o
                                      0x85181 (size before relaxing)
 .debug_str     0x000000000008761b      0x294 ./Drivers/STM32F1xx_HAL_Driver/Src/stm32f1xx_hal_cortex.o
                                      0x850cd (size before relaxing)
 .debug_str     0x00000000000878af      0x2d0 ./Drivers/STM32F1xx_HAL_Driver/Src/stm32f1xx_hal_gpio.o
                                      0x84dd4 (size before relaxing)
 .debug_str     0x0000000000087b7f      0x1ff ./Drivers/STM32F1xx_HAL_Driver/Src/stm32f1xx_hal_rcc.o
                                      0x84e7d (size before relaxing)
 .debug_str     0x0000000000087d7e      0x543 ./Drivers/STM32F1xx_HAL_Driver/Src/stm32f1xx_hal_spi.o
                                      0x8537a (size before relaxing)
 .debug_str     0x00000000000882c1      0xce6 ./Drivers/STM32F1xx_HAL_Driver/Src/stm32f1xx_hal_tim.o
                                      0x85e6f (size before relaxing)
 .debug_str     0x0000000000088fa7      0x493 ./Drivers/STM32F1xx_HAL_Driver/Src/stm32f1xx_hal_tim_ex.o
                                      0x8568b (size before relaxing)
 .debug_str     0x000000000008943a      0x5e4 ./Drivers/STM32F1xx_HAL_Driver/Src/stm32f1xx_hal_uart.o
                                      0x854ee (size before relaxing)

.debug_frame    0x0000000000000000     0x42e4
 .debug_frame   0x0000000000000000      0x184 ./Core/Src/ds18b20.o
 .debug_frame   0x0000000000000184      0x1fc ./Core/Src/main.o
 .debug_frame   0x0000000000000380       0xcc ./Core/Src/modbus.o
 .debug_frame   0x000000000000044c       0xa0 ./Core/Src/onewire.o
 .debug_frame   0x00000000000004ec      0x184 ./Core/Src/stm32f1xx_hal_msp.o
 .debug_frame   0x0000000000000670      0x120 ./Core/Src/stm32f1xx_it.o
 .debug_frame   0x0000000000000790      0x418 ./Core/Src/sx1262.o
 .debug_frame   0x0000000000000ba8       0x58 ./Core/Src/system_stm32f1xx.o
 .debug_frame   0x0000000000000c00      0x334 ./Drivers/STM32F1xx_HAL_Driver/Src/stm32f1xx_hal.o
 .debug_frame   0x0000000000000f34      0x428 ./Drivers/STM32F1xx_HAL_Driver/Src/stm32f1xx_hal_cortex.o
 .debug_frame   0x000000000000135c      0x14c ./Drivers/STM32F1xx_HAL_Driver/Src/stm32f1xx_hal_gpio.o
 .debug_frame   0x00000000000014a8      0x218 ./Drivers/STM32F1xx_HAL_Driver/Src/stm32f1xx_hal_rcc.o
 .debug_frame   0x00000000000016c0      0x824 ./Drivers/STM32F1xx_HAL_Driver/Src/stm32f1xx_hal_spi.o
 .debug_frame   0x0000000000001ee4     0x11bc ./Drivers/STM32F1xx_HAL_Driver/Src/stm32f1xx_hal_tim.o
 .debug_frame   0x00000000000030a0      0x638 ./Drivers/STM32F1xx_HAL_Driver/Src/stm32f1xx_hal_tim_ex.o
 .debug_frame   0x00000000000036d8      0x944 ./Drivers/STM32F1xx_HAL_Driver/Src/stm32f1xx_hal_uart.o
 .debug_frame   0x000000000000401c       0x20 /opt/st/stm32cubeide_1.13.2/plugins/com.st.stm32cube.ide.mcu.externaltools.gnu-tools-for-stm32.11.3.rel1.linux64_1.1.1.202309131626/tools/bin/../lib/gcc/arm-none-eabi/11.3.1/../../../../arm-none-eabi/lib/thumb/v7-m/nofp/libc_nano.a(libc_a-memset.o)
 .debug_frame   0x000000000000403c       0x2c /opt/st/stm32cubeide_1.13.2/plugins/com.st.stm32cube.ide.mcu.externaltools.gnu-tools-for-stm32.11.3.rel1.linux64_1.1.1.202309131626/tools/bin/../lib/gcc/arm-none-eabi/11.3.1/../../../../arm-none-eabi/lib/thumb/v7-m/nofp/libc_nano.a(libc_a-init.o)
 .debug_frame   0x0000000000004068       0x24 /opt/st/stm32cubeide_1.13.2/plugins/com.st.stm32cube.ide.mcu.externaltools.gnu-tools-for-stm32.11.3.rel1.linux64_1.1.1.202309131626/tools/bin/../lib/gcc/arm-none-eabi/11.3.1/thumb/v7-m/nofp/libgcc.a(_arm_mulsf3.o)
 .debug_frame   0x000000000000408c       0xac /opt/st/stm32cubeide_1.13.2/plugins/com.st.stm32cube.ide.mcu.externaltools.gnu-tools-for-stm32.11.3.rel1.linux64_1.1.1.202309131626/tools/bin/../lib/gcc/arm-none-eabi/11.3.1/thumb/v7-m/nofp/libgcc.a(_arm_addsubdf3.o)
 .debug_frame   0x0000000000004138       0x50 /opt/st/stm32cubeide_1.13.2/plugins/com.st.stm32cube.ide.mcu.externaltools.gnu-tools-for-stm32.11.3.rel1.linux64_1.1.1.202309131626/tools/bin/../lib/gcc/arm-none-eabi/11.3.1/thumb/v7-m/nofp/libgcc.a(_arm_muldivdf3.o)
 .debug_frame   0x0000000000004188       0x24 /opt/st/stm32cubeide_1.13.2/plugins/com.st.stm32cube.ide.mcu.externaltools.gnu-tools-for-stm32.11.3.rel1.linux64_1.1.1.202309131626/tools/bin/../lib/gcc/arm-none-eabi/11.3.1/thumb/v7-m/nofp/libgcc.a(_arm_fixunsdfsi.o)
 .debug_frame   0x00000000000041ac       0x4c /opt/st/stm32cubeide_1.13.2/plugins/com.st.stm32cube.ide.mcu.externaltools.gnu-tools-for-stm32.11.3.rel1.linux64_1.1.1.202309131626/tools/bin/../lib/gcc/arm-none-eabi/11.3.1/thumb/v7-m/nofp/libgcc.a(_arm_addsubsf3.o)
 .debug_frame   0x00000000000041f8       0xc8 /opt/st/stm32cubeide_1.13.2/plugins/com.st.stm32cube.ide.mcu.externaltools.gnu-tools-for-stm32.11.3.rel1.linux64_1.1.1.202309131626/tools/bin/../lib/gcc/arm-none-eabi/11.3.1/thumb/v7-m/nofp/libgcc.a(_arm_cmpsf2.o)
 .debug_frame   0x00000000000042c0       0x24 /opt/st/stm32cubeide_1.13.2/plugins/com.st.stm32cube.ide.mcu.externaltools.gnu-tools-for-stm32.11.3.rel1.linux64_1.1.1.202309131626/tools/bin/../lib/gcc/arm-none-eabi/11.3.1/thumb/v7-m/nofp/libgcc.a(_arm_fixsfsi.o)

.debug_line_str
                0x0000000000000000       0x67
 .debug_line_str
                0x0000000000000000       0x67 ./Core/Startup/startup_stm32f103c8tx.o
                                         0x7f (size before relaxing)
