../Core/Src/main.c:78:6:config_temperature_sensor	24	static
../Core/Src/main.c:91:6:start_temperature_measure	16	static
../Core/Src/main.c:97:6:stop_temperature_measure	16	static
../Core/Src/main.c:103:6:check_leak_sensor	8	static
../Core/Src/main.c:115:6:HAL_TIM_PeriodElapsedCallback	16	static
../Core/Src/main.c:170:5:main	16	static
../Core/Src/main.c:245:6:SystemClock_Config	72	static
../Core/Src/main.c:282:13:MX_SPI1_Init	8	static
../Core/Src/main.c:320:13:MX_TIM2_Init	32	static
../Core/Src/main.c:365:13:MX_TIM3_Init	48	static
../Core/Src/main.c:414:13:MX_TIM4_Init	64	static
../Core/Src/main.c:477:13:MX_USART1_UART_Init	8	static
../Core/Src/main.c:510:13:MX_USART2_UART_Init	8	static
../Core/Src/main.c:543:13:MX_GPIO_Init	32	static
../Core/Src/main.c:591:6:Error_Handler	4	static,ignoring_inline_asm
