../Core/Src/sx1262.c:22:6:Lora_Reset	8	static
../Core/Src/sx1262.c:29:6:Lora_SPIWrite	16	static
../Core/Src/sx1262.c:34:6:Lora_SPIRead	16	static
../Core/Src/sx1262.c:40:6:Lora_WriteRegister	16	static
../Core/Src/sx1262.c:46:6:Lora_WriteBuffer	16	static
../Core/Src/sx1262.c:55:6:Lora_ReadBuffer	16	static
../Core/Src/sx1262.c:65:6:Lora_SetIrqParams	16	static
../Core/Src/sx1262.c:72:6:Lora_ClearIrqStatus	16	static
../Core/Src/sx1262.c:78:10:Lora_GetIrqStatus	8	static
../Core/Src/sx1262.c:84:6:Lora_SetStandby	16	static
../Core/Src/sx1262.c:90:6:Lora_SetRegulatorMode	16	static
../Core/Src/sx1262.c:96:6:Lora_SetRfSwitchMode	16	static
../Core/Src/sx1262.c:102:6:Lora_SetPacketType	16	static
../Core/Src/sx1262.c:108:6:Lora_SetSyncWord	8	static
../Core/Src/sx1262.c:114:6:Lora_Calibrate	8	static
../Core/Src/sx1262.c:120:6:Lora_CalibrateImage	16	static
../Core/Src/sx1262.c:141:6:Lora_SetRxBoosted	16	static
../Core/Src/sx1262.c:149:6:Lora_SetRx	16	static
../Core/Src/sx1262.c:157:6:Lora_SetTx	16	static
../Core/Src/sx1262.c:164:6:Lora_SetDio3AsTcxoCtrl	16	static
../Core/Src/sx1262.c:173:6:Lora_SetTxParams	16	static
../Core/Src/sx1262.c:189:6:Lora_SetModulationParams	24	static
../Core/Src/sx1262.c:237:6:Lora_SetPacketParams	16	static
../Core/Src/sx1262.c:248:6:Lora_SetBufferBaseAddresses	16	static
../Core/Src/sx1262.c:255:6:Lora_GetRxBufferStatus	8	static
../Core/Src/sx1262.c:260:20:Lora_GetPacketStatus	16	static
../Core/Src/sx1262.c:269:6:Lora_SetFrequency	24	static
../Core/Src/sx1262.c:278:6:Lora_Init	8	static
../Core/Src/sx1262.c:295:9:Lora_Rx	24	static
../Core/Src/sx1262.c:323:6:Lora_Tx	24	static
